Archive member included to satisfy reference by file (symbol)

c:/st/stm32cubeide_1.7.0/stm32cubeide/plugins/com.st.stm32cube.ide.mcu.externaltools.gnu-tools-for-stm32.9-2020-q2-update.win32_2.0.0.202105311346/tools/bin/../lib/gcc/arm-none-eabi/9.3.1/../../../../arm-none-eabi/lib/thumb/v7e-m+fp/hard\libc_nano.a(lib_a-errno.o)
                              ./Core/Src/syscalls.o (__errno)
c:/st/stm32cubeide_1.7.0/stm32cubeide/plugins/com.st.stm32cube.ide.mcu.externaltools.gnu-tools-for-stm32.9-2020-q2-update.win32_2.0.0.202105311346/tools/bin/../lib/gcc/arm-none-eabi/9.3.1/../../../../arm-none-eabi/lib/thumb/v7e-m+fp/hard\libc_nano.a(lib_a-exit.o)
                              c:/st/stm32cubeide_1.7.0/stm32cubeide/plugins/com.st.stm32cube.ide.mcu.externaltools.gnu-tools-for-stm32.9-2020-q2-update.win32_2.0.0.202105311346/tools/bin/../lib/gcc/arm-none-eabi/9.3.1/../../../../arm-none-eabi/lib/thumb/v7e-m+fp/hard/crt0.o (exit)
c:/st/stm32cubeide_1.7.0/stm32cubeide/plugins/com.st.stm32cube.ide.mcu.externaltools.gnu-tools-for-stm32.9-2020-q2-update.win32_2.0.0.202105311346/tools/bin/../lib/gcc/arm-none-eabi/9.3.1/../../../../arm-none-eabi/lib/thumb/v7e-m+fp/hard\libc_nano.a(lib_a-findfp.o)
                              ./Middlewares/Third_Party/FreeRTOS/Source/tasks.o (__sf_fake_stderr)
c:/st/stm32cubeide_1.7.0/stm32cubeide/plugins/com.st.stm32cube.ide.mcu.externaltools.gnu-tools-for-stm32.9-2020-q2-update.win32_2.0.0.202105311346/tools/bin/../lib/gcc/arm-none-eabi/9.3.1/../../../../arm-none-eabi/lib/thumb/v7e-m+fp/hard\libc_nano.a(lib_a-fwalk.o)
                              c:/st/stm32cubeide_1.7.0/stm32cubeide/plugins/com.st.stm32cube.ide.mcu.externaltools.gnu-tools-for-stm32.9-2020-q2-update.win32_2.0.0.202105311346/tools/bin/../lib/gcc/arm-none-eabi/9.3.1/../../../../arm-none-eabi/lib/thumb/v7e-m+fp/hard\libc_nano.a(lib_a-findfp.o) (_fwalk)
c:/st/stm32cubeide_1.7.0/stm32cubeide/plugins/com.st.stm32cube.ide.mcu.externaltools.gnu-tools-for-stm32.9-2020-q2-update.win32_2.0.0.202105311346/tools/bin/../lib/gcc/arm-none-eabi/9.3.1/../../../../arm-none-eabi/lib/thumb/v7e-m+fp/hard\libc_nano.a(lib_a-impure.o)
                              c:/st/stm32cubeide_1.7.0/stm32cubeide/plugins/com.st.stm32cube.ide.mcu.externaltools.gnu-tools-for-stm32.9-2020-q2-update.win32_2.0.0.202105311346/tools/bin/../lib/gcc/arm-none-eabi/9.3.1/../../../../arm-none-eabi/lib/thumb/v7e-m+fp/hard\libc_nano.a(lib_a-exit.o) (_global_impure_ptr)
c:/st/stm32cubeide_1.7.0/stm32cubeide/plugins/com.st.stm32cube.ide.mcu.externaltools.gnu-tools-for-stm32.9-2020-q2-update.win32_2.0.0.202105311346/tools/bin/../lib/gcc/arm-none-eabi/9.3.1/../../../../arm-none-eabi/lib/thumb/v7e-m+fp/hard\libc_nano.a(lib_a-init.o)
                              c:/st/stm32cubeide_1.7.0/stm32cubeide/plugins/com.st.stm32cube.ide.mcu.externaltools.gnu-tools-for-stm32.9-2020-q2-update.win32_2.0.0.202105311346/tools/bin/../lib/gcc/arm-none-eabi/9.3.1/../../../../arm-none-eabi/lib/thumb/v7e-m+fp/hard/crt0.o (__libc_init_array)
c:/st/stm32cubeide_1.7.0/stm32cubeide/plugins/com.st.stm32cube.ide.mcu.externaltools.gnu-tools-for-stm32.9-2020-q2-update.win32_2.0.0.202105311346/tools/bin/../lib/gcc/arm-none-eabi/9.3.1/../../../../arm-none-eabi/lib/thumb/v7e-m+fp/hard\libc_nano.a(lib_a-lock.o)
                              c:/st/stm32cubeide_1.7.0/stm32cubeide/plugins/com.st.stm32cube.ide.mcu.externaltools.gnu-tools-for-stm32.9-2020-q2-update.win32_2.0.0.202105311346/tools/bin/../lib/gcc/arm-none-eabi/9.3.1/../../../../arm-none-eabi/lib/thumb/v7e-m+fp/hard\libc_nano.a(lib_a-findfp.o) (__retarget_lock_init_recursive)
c:/st/stm32cubeide_1.7.0/stm32cubeide/plugins/com.st.stm32cube.ide.mcu.externaltools.gnu-tools-for-stm32.9-2020-q2-update.win32_2.0.0.202105311346/tools/bin/../lib/gcc/arm-none-eabi/9.3.1/../../../../arm-none-eabi/lib/thumb/v7e-m+fp/hard\libc_nano.a(lib_a-malloc.o)
                              ./Middlewares/ST/STM32_USB_Host_Library/Class/CDC/Src/usbh_cdc.o (malloc)
c:/st/stm32cubeide_1.7.0/stm32cubeide/plugins/com.st.stm32cube.ide.mcu.externaltools.gnu-tools-for-stm32.9-2020-q2-update.win32_2.0.0.202105311346/tools/bin/../lib/gcc/arm-none-eabi/9.3.1/../../../../arm-none-eabi/lib/thumb/v7e-m+fp/hard\libc_nano.a(lib_a-memcpy-stub.o)
                              ./Middlewares/Third_Party/FreeRTOS/Source/queue.o (memcpy)
c:/st/stm32cubeide_1.7.0/stm32cubeide/plugins/com.st.stm32cube.ide.mcu.externaltools.gnu-tools-for-stm32.9-2020-q2-update.win32_2.0.0.202105311346/tools/bin/../lib/gcc/arm-none-eabi/9.3.1/../../../../arm-none-eabi/lib/thumb/v7e-m+fp/hard\libc_nano.a(lib_a-memset.o)
                              c:/st/stm32cubeide_1.7.0/stm32cubeide/plugins/com.st.stm32cube.ide.mcu.externaltools.gnu-tools-for-stm32.9-2020-q2-update.win32_2.0.0.202105311346/tools/bin/../lib/gcc/arm-none-eabi/9.3.1/../../../../arm-none-eabi/lib/thumb/v7e-m+fp/hard/crt0.o (memset)
[...]
Memory Configuration

Name             Origin             Length             Attributes
CCMRAM           0x0000000010000000 0x0000000000010000 xrw
RAM              0x0000000020000000 0x0000000000020000 xrw
FLASH            0x0000000008000000 0x0000000000100000 xr
*default*        0x0000000000000000 0xffffffffffffffff

Linker script and memory map

LOAD c:/st/stm32cubeide_1.7.0/stm32cubeide/plugins/com.st.stm32cube.ide.mcu.externaltools.gnu-tools-for-stm32.9-2020-q2-update.win32_2.0.0.202105311346/tools/bin/../lib/gcc/arm-none-eabi/9.3.1/thumb/v7e-m+fp/hard/crti.o
LOAD c:/st/stm32cubeide_1.7.0/stm32cubeide/plugins/com.st.stm32cube.ide.mcu.externaltools.gnu-tools-for-stm32.9-2020-q2-update.win32_2.0.0.202105311346/tools/bin/../lib/gcc/arm-none-eabi/9.3.1/thumb/v7e-m+fp/hard/crtbegin.o
LOAD c:/st/stm32cubeide_1.7.0/stm32cubeide/plugins/com.st.stm32cube.ide.mcu.externaltools.gnu-tools-for-stm32.9-2020-q2-update.win32_2.0.0.202105311346/tools/bin/../lib/gcc/arm-none-eabi/9.3.1/../../../../arm-none-eabi/lib/thumb/v7e-m+fp/hard/crt0.o
LOAD ./Core/Src/freertos.o
LOAD ./Core/Src/main.o
LOAD ./Core/Src/stm32f4xx_hal_msp.o
LOAD ./Core/Src/stm32f4xx_hal_timebase_tim.o
LOAD ./Core/Src/stm32f4xx_it.o
LOAD ./Core/Src/syscalls.o
LOAD ./Core/Src/sysmem.o
LOAD ./Core/Src/system_stm32f4xx.o
LOAD ./Core/Startup/startup_stm32f407vgtx.o
LOAD ./Drivers/STM32F4xx_HAL_Driver/Src/stm32f4xx_hal.o
LOAD ./Drivers/STM32F4xx_HAL_Driver/Src/stm32f4xx_hal_adc.o
LOAD ./Drivers/STM32F4xx_HAL_Driver/Src/stm32f4xx_hal_adc_ex.o
LOAD ./Drivers/STM32F4xx_HAL_Driver/Src/stm32f4xx_hal_can.o
LOAD ./Drivers/STM32F4xx_HAL_Driver/Src/stm32f4xx_hal_cortex.o
LOAD ./Drivers/STM32F4xx_HAL_Driver/Src/stm32f4xx_hal_dma.o
LOAD ./Drivers/STM32F4xx_HAL_Driver/Src/stm32f4xx_hal_dma_ex.o
LOAD ./Drivers/STM32F4xx_HAL_Driver/Src/stm32f4xx_hal_exti.o
LOAD ./Drivers/STM32F4xx_HAL_Driver/Src/stm32f4xx_hal_flash.o
LOAD ./Drivers/STM32F4xx_HAL_Driver/Src/stm32f4xx_hal_flash_ex.o
LOAD ./Drivers/STM32F4xx_HAL_Driver/Src/stm32f4xx_hal_flash_ramfunc.o
LOAD ./Drivers/STM32F4xx_HAL_Driver/Src/stm32f4xx_hal_gpio.o
LOAD ./Drivers/STM32F4xx_HAL_Driver/Src/stm32f4xx_hal_hcd.o
LOAD ./Drivers/STM32F4xx_HAL_Driver/Src/stm32f4xx_hal_i2c.o
LOAD ./Drivers/STM32F4xx_HAL_Driver/Src/stm32f4xx_hal_i2c_ex.o
LOAD ./Drivers/STM32F4xx_HAL_Driver/Src/stm32f4xx_hal_i2s.o
LOAD ./Drivers/STM32F4xx_HAL_Driver/Src/stm32f4xx_hal_i2s_ex.o
LOAD ./Drivers/STM32F4xx_HAL_Driver/Src/stm32f4xx_hal_pwr.o
LOAD ./Drivers/STM32F4xx_HAL_Driver/Src/stm32f4xx_hal_pwr_ex.o
LOAD ./Drivers/STM32F4xx_HAL_Driver/Src/stm32f4xx_hal_rcc.o
LOAD ./Drivers/STM32F4xx_HAL_Driver/Src/stm32f4xx_hal_rcc_ex.o
LOAD ./Drivers/STM32F4xx_HAL_Driver/Src/stm32f4xx_hal_spi.o
LOAD ./Drivers/STM32F4xx_HAL_Driver/Src/stm32f4xx_hal_tim.o
LOAD ./Drivers/STM32F4xx_HAL_Driver/Src/stm32f4xx_hal_tim_ex.o
LOAD ./Drivers/STM32F4xx_HAL_Driver/Src/stm32f4xx_hal_uart.o
LOAD ./Drivers/STM32F4xx_HAL_Driver/Src/stm32f4xx_ll_adc.o
LOAD ./Drivers/STM32F4xx_HAL_Driver/Src/stm32f4xx_ll_usb.o
LOAD ./Middlewares/ST/STM32_USB_Host_Library/Class/CDC/Src/usbh_cdc.o
LOAD ./Middlewares/ST/STM32_USB_Host_Library/Core/Src/usbh_core.o
LOAD ./Middlewares/ST/STM32_USB_Host_Library/Core/Src/usbh_ctlreq.o
LOAD ./Middlewares/ST/STM32_USB_Host_Library/Core/Src/usbh_ioreq.o
LOAD ./Middlewares/ST/STM32_USB_Host_Library/Core/Src/usbh_pipes.o
LOAD ./Middlewares/Third_Party/FreeRTOS/Source/CMSIS_RTOS/cmsis_os.o
LOAD ./Middlewares/Third_Party/FreeRTOS/Source/croutine.o
LOAD ./Middlewares/Third_Party/FreeRTOS/Source/event_groups.o
LOAD ./Middlewares/Third_Party/FreeRTOS/Source/list.o
LOAD ./Middlewares/Third_Party/FreeRTOS/Source/queue.o
LOAD ./Middlewares/Third_Party/FreeRTOS/Source/stream_buffer.o
LOAD ./Middlewares/Third_Party/FreeRTOS/Source/tasks.o
LOAD ./Middlewares/Third_Party/FreeRTOS/Source/timers.o
LOAD ./Middlewares/Third_Party/FreeRTOS/Source/portable/GCC/ARM_CM4F/port.o
LOAD ./Middlewares/Third_Party/FreeRTOS/Source/portable/MemMang/heap_4.o
LOAD ./USB_HOST/App/usb_host.o
LOAD ./USB_HOST/Target/usbh_conf.o
LOAD ./USB_HOST/Target/usbh_platform.o
START GROUP
LOAD c:/st/stm32cubeide_1.7.0/stm32cubeide/plugins/com.st.stm32cube.ide.mcu.externaltools.gnu-tools-for-stm32.9-2020-q2-update.win32_2.0.0.202105311346/tools/bin/../lib/gcc/arm-none-eabi/9.3.1/../../../../arm-none-eabi/lib/thumb/v7e-m+fp/hard\libc_nano.a
LOAD c:/st/stm32cubeide_1.7.0/stm32cubeide/plugins/com.st.stm32cube.ide.mcu.externaltools.gnu-tools-for-stm32.9-2020-q2-update.win32_2.0.0.202105311346/tools/bin/../lib/gcc/arm-none-eabi/9.3.1/../../../../arm-none-eabi/lib/thumb/v7e-m+fp/hard\libm.a
END GROUP
START GROUP
LOAD c:/st/stm32cubeide_1.7.0/stm32cubeide/plugins/com.st.stm32cube.ide.mcu.externaltools.gnu-tools-for-stm32.9-2020-q2-update.win32_2.0.0.202105311346/tools/bin/../lib/gcc/arm-none-eabi/9.3.1/thumb/v7e-m+fp/hard\libgcc.a
LOAD c:/st/stm32cubeide_1.7.0/stm32cubeide/plugins/com.st.stm32cube.ide.mcu.externaltools.gnu-tools-for-stm32.9-2020-q2-update.win32_2.0.0.202105311346/tools/bin/../lib/gcc/arm-none-eabi/9.3.1/../../../../arm-none-eabi/lib/thumb/v7e-m+fp/hard\libc_nano.a
END GROUP
START GROUP
LOAD c:/st/stm32cubeide_1.7.0/stm32cubeide/plugins/com.st.stm32cube.ide.mcu.externaltools.gnu-tools-for-stm32.9-2020-q2-update.win32_2.0.0.202105311346/tools/bin/../lib/gcc/arm-none-eabi/9.3.1/thumb/v7e-m+fp/hard\libgcc.a
LOAD c:/st/stm32cubeide_1.7.0/stm32cubeide/plugins/com.st.stm32cube.ide.mcu.externaltools.gnu-tools-for-stm32.9-2020-q2-update.win32_2.0.0.202105311346/tools/bin/../lib/gcc/arm-none-eabi/9.3.1/../../../../arm-none-eabi/lib/thumb/v7e-m+fp/hard\libc_nano.a
LOAD c:/st/stm32cubeide_1.7.0/stm32cubeide/plugins/com.st.stm32cube.ide.mcu.externaltools.gnu-tools-for-stm32.9-2020-q2-update.win32_2.0.0.202105311346/tools/bin/../lib/gcc/arm-none-eabi/9.3.1/../../../../arm-none-eabi/lib/thumb/v7e-m+fp/hard\libnosys.a
END GROUP
START GROUP
LOAD c:/st/stm32cubeide_1.7.0/stm32cubeide/plugins/com.st.stm32cube.ide.mcu.externaltools.gnu-tools-for-stm32.9-2020-q2-update.win32_2.0.0.202105311346/tools/bin/../lib/gcc/arm-none-eabi/9.3.1/thumb/v7e-m+fp/hard\libgcc.a
LOAD c:/st/stm32cubeide_1.7.0/stm32cubeide/plugins/com.st.stm32cube.ide.mcu.externaltools.gnu-tools-for-stm32.9-2020-q2-update.win32_2.0.0.202105311346/tools/bin/../lib/gcc/arm-none-eabi/9.3.1/../../../../arm-none-eabi/lib/thumb/v7e-m+fp/hard\libc_nano.a
LOAD c:/st/stm32cubeide_1.7.0/stm32cubeide/plugins/com.st.stm32cube.ide.mcu.externaltools.gnu-tools-for-stm32.9-2020-q2-update.win32_2.0.0.202105311346/tools/bin/../lib/gcc/arm-none-eabi/9.3.1/../../../../arm-none-eabi/lib/thumb/v7e-m+fp/hard\libnosys.a
END GROUP
LOAD c:/st/stm32cubeide_1.7.0/stm32cubeide/plugins/com.st.stm32cube.ide.mcu.externaltools.gnu-tools-for-stm32.9-2020-q2-update.win32_2.0.0.202105311346/tools/bin/../lib/gcc/arm-none-eabi/9.3.1/thumb/v7e-m+fp/hard/crtend.o
LOAD c:/st/stm32cubeide_1.7.0/stm32cubeide/plugins/com.st.stm32cube.ide.mcu.externaltools.gnu-tools-for-stm32.9-2020-q2-update.win32_2.0.0.202105311346/tools/bin/../lib/gcc/arm-none-eabi/9.3.1/thumb/v7e-m+fp/hard/crtn.o
                0x0000000020020000                _estack = (ORIGIN (RAM) + LENGTH (RAM))
                0x0000000000000200                _Min_Heap_Size = 0x200
                0x0000000000000400                _Min_Stack_Size = 0x400

.isr_vector     0x0000000008000000      0x188
                0x0000000008000000                . = ALIGN (0x4)
 *(.isr_vector)
 .isr_vector    0x0000000008000000      0x188 ./Core/Startup/startup_stm32f407vgtx.o
                0x0000000008000000                g_pfnVectors
                0x0000000008000188                . = ALIGN (0x4)

.text           0x0000000008000190     0xf12c
                0x0000000008000190                . = ALIGN (0x4)
 *(.text)
 .text          0x0000000008000190       0x40 c:/st/stm32cubeide_1.7.0/stm32cubeide/plugins/com.st.stm32cube.ide.mcu.externaltools.gnu-tools-for-stm32.9-2020-q2-update.win32_2.0.0.202105311346/tools/bin/../lib/gcc/arm-none-eabi/9.3.1/thumb/v7e-m+fp/hard/crtbegin.o
 .text          0x00000000080001d0       0x10 c:/st/stm32cubeide_1.7.0/stm32cubeide/plugins/com.st.stm32cube.ide.mcu.externaltools.gnu-tools-for-stm32.9-2020-q2-update.win32_2.0.0.202105311346/tools/bin/../lib/gcc/arm-none-eabi/9.3.1/../../../../arm-none-eabi/lib/thumb/v7e-m+fp/hard\libc_nano.a(lib_a-strlen.o)
                0x00000000080001d0                strlen
 .text          0x00000000080001e0       0xa0 c:/st/stm32cubeide_1.7.0/stm32cubeide/plugins/com.st.stm32cube.ide.mcu.externaltools.gnu-tools-for-stm32.9-2020-q2-update.win32_2.0.0.202105311346/tools/bin/../lib/gcc/arm-none-eabi/9.3.1/../../../../arm-none-eabi/lib/thumb/v7e-m+fp/hard\libc_nano.a(lib_a-memchr.o)
                0x00000000080001e0                memchr
 .text          0x0000000008000280      0x254 c:/st/stm32cubeide_1.7.0/stm32cubeide/plugins/com.st.stm32cube.ide.mcu.externaltools.gnu-tools-for-stm32.9-2020-q2-update.win32_2.0.0.202105311346/tools/bin/../lib/gcc/arm-none-eabi/9.3.1/thumb/v7e-m+fp/hard\libgcc.a(_arm_muldf3.o)
                0x0000000008000280                __muldf3
                0x0000000008000280                __aeabi_dmul
 .text          0x00000000080004d4      0x378 c:/st/stm32cubeide_1.7.0/stm32cubeide/plugins/com.st.stm32cube.ide.mcu.externaltools.gnu-tools-for-stm32.9-2020-q2-update.win32_2.0.0.202105311346/tools/bin/../lib/gcc/arm-none-eabi/9.3.1/thumb/v7e-m+fp/hard\libgcc.a(_arm_addsubdf3.o)
                0x00000000080004d4                __aeabi_drsub
                0x00000000080004dc                __aeabi_dsub
                0x00000000080004dc                __subdf3
                0x00000000080004e0                __aeabi_dadd
                0x00000000080004e0                __adddf3
                0x0000000008000758                __floatunsidf
                0x0000000008000758                __aeabi_ui2d
                0x0000000008000778                __floatsidf
                0x0000000008000778                __aeabi_i2d
                0x000000000800079c                __aeabi_f2d
                0x000000000800079c                __extendsfdf2
                0x00000000080007e0                __floatundidf
                0x00000000080007e0                __aeabi_ul2d
                0x00000000080007f0                __floatdidf
                0x00000000080007f0                __aeabi_l2d
 .text          0x000000000800084c       0x40 c:/st/stm32cubeide_1.7.0/stm32cubeide/plugins/com.st.stm32cube.ide.mcu.externaltools.gnu-tools-for-stm32.9-2020-q2-update.win32_2.0.0.202105311346/tools/bin/../lib/gcc/arm-none-eabi/9.3.1/thumb/v7e-m+fp/hard\libgcc.a(_arm_fixunsdfsi.o)
                0x000000000800084c                __aeabi_d2uiz
                0x000000000800084c                __fixunsdfsi
 .text          0x000000000800088c       0x30 c:/st/stm32cubeide_1.7.0/stm32cubeide/plugins/com.st.stm32cube.ide.mcu.externaltools.gnu-tools-for-stm32.9-2020-q2-update.win32_2.0.0.202105311346/tools/bin/../lib/gcc/arm-none-eabi/9.3.1/thumb/v7e-m+fp/hard\libgcc.a(_aeabi_uldivmod.o)
                0x000000000800088c                __aeabi_uldivmod
 .text          0x00000000080008bc      0x2c4 c:/st/stm32cubeide_1.7.0/stm32cubeide/plugins/com.st.stm32cube.ide.mcu.externaltools.gnu-tools-for-stm32.9-2020-q2-update.win32_2.0.0.202105311346/tools/bin/../lib/gcc/arm-none-eabi/9.3.1/thumb/v7e-m+fp/hard\libgcc.a(_udivmoddi4.o)
                0x00000000080008bc                __udivmoddi4
 .text          0x0000000008000b80        0x4 c:/st/stm32cubeide_1.7.0/stm32cubeide/plugins/com.st.stm32cube.ide.mcu.externaltools.gnu-tools-for-stm32.9-2020-q2-update.win32_2.0.0.202105311346/tools/bin/../lib/gcc/arm-none-eabi/9.3.1/thumb/v7e-m+fp/hard\libgcc.a(_dvmd_tls.o)
                0x0000000008000b80                __aeabi_idiv0
                0x0000000008000b80                __aeabi_ldiv0
 *(.text*)
 .text.vApplicationGetIdleTaskMemory
                0x0000000008000b84       0x34 ./Core/Src/freertos.o
                0x0000000008000b84                vApplicationGetIdleTaskMemory
 .text.vApplicationGetTimerTaskMemory
                0x0000000008000bb8       0x34 ./Core/Src/freertos.o
                0x0000000008000bb8                vApplicationGetTimerTaskMemory
 .text.HAL_CAN_RxFifo0MsgPendingCallback
                0x0000000008000bec       0x40 ./Core/Src/main.o
                0x0000000008000bec                HAL_CAN_RxFifo0MsgPendingCallback
 .text.main     0x0000000008000c2c      0x194 ./Core/Src/main.o
                0x0000000008000c2c                main
 .text.SystemClock_Config
                0x0000000008000dc0       0xd4 ./Core/Src/main.o
                0x0000000008000dc0                SystemClock_Config
 .text.MX_ADC1_Init
                0x0000000008000e94       0xa4 ./Core/Src/main.o
 .text.MX_ADC2_Init
                0x0000000008000f38       0xa4 ./Core/Src/main.o
 .text.MX_ADC3_Init
                0x0000000008000fdc       0xa4 ./Core/Src/main.o
 .text.MX_CAN1_Init
                0x0000000008001080       0xa4 ./Core/Src/main.o
 .text.MX_I2C1_Init
                0x0000000008001124       0x5c ./Core/Src/main.o
 .text.MX_I2S3_Init
                0x0000000008001180       0x60 ./Core/Src/main.o
 .text.MX_SPI1_Init
                0x00000000080011e0       0x6c ./Core/Src/main.o
 .text.MX_TIM10_Init
                0x000000000800124c       0x48 ./Core/Src/main.o
 .text.MX_USART2_UART_Init
                0x0000000008001294       0x54 ./Core/Src/main.o
 .text.MX_DMA_Init
                0x00000000080012e8       0x60 ./Core/Src/main.o
 .text.MX_GPIO_Init
                0x0000000008001348      0x238 ./Core/Src/main.o
 .text.APPS_Mapping
                0x0000000008001580       0xc8 ./Core/Src/main.o
 .text.startLEDTask
                0x0000000008001648       0x24 ./Core/Src/main.o
                0x0000000008001648                startLEDTask
 .text.startUART_Task
                0x000000000800166c       0xbc ./Core/Src/main.o
                0x000000000800166c                startUART_Task
 .text.startTorqueCommand
                0x0000000008001728      0x11c ./Core/Src/main.o
                0x0000000008001728                startTorqueCommand
 .text.startBPSCheck
                0x0000000008001844       0x20 ./Core/Src/main.o
                0x0000000008001844                startBPSCheck
 .text.OTCallback
                0x0000000008001864       0x14 ./Core/Src/main.o
                0x0000000008001864                OTCallback
 .text.HAL_TIM_PeriodElapsedCallback
                0x0000000008001878       0x24 ./Core/Src/main.o
                0x0000000008001878                HAL_TIM_PeriodElapsedCallback
 .text.Error_Handler
                0x000000000800189c        0xa ./Core/Src/main.o
                0x000000000800189c                Error_Handler
 *fill*         0x00000000080018a6        0x2 
 .text.HAL_MspInit
                0x00000000080018a8       0x58 ./Core/Src/stm32f4xx_hal_msp.o
                0x00000000080018a8                HAL_MspInit
 .text.HAL_ADC_MspInit
                0x0000000008001900      0x2bc ./Core/Src/stm32f4xx_hal_msp.o
                0x0000000008001900                HAL_ADC_MspInit
 .text.HAL_CAN_MspInit
                0x0000000008001bbc       0xa0 ./Core/Src/stm32f4xx_hal_msp.o
                0x0000000008001bbc                HAL_CAN_MspInit
 .text.HAL_I2C_MspInit
                0x0000000008001c5c       0x90 ./Core/Src/stm32f4xx_hal_msp.o
                0x0000000008001c5c                HAL_I2C_MspInit
 .text.HAL_I2S_MspInit
                0x0000000008001cec      0x100 ./Core/Src/stm32f4xx_hal_msp.o
                0x0000000008001cec                HAL_I2S_MspInit
 .text.HAL_SPI_MspInit
                0x0000000008001dec       0x90 ./Core/Src/stm32f4xx_hal_msp.o
                0x0000000008001dec                HAL_SPI_MspInit
 .text.HAL_TIM_Base_MspInit
                0x0000000008001e7c       0x50 ./Core/Src/stm32f4xx_hal_msp.o
                0x0000000008001e7c                HAL_TIM_Base_MspInit
 .text.HAL_UART_MspInit
                0x0000000008001ecc       0xd0 ./Core/Src/stm32f4xx_hal_msp.o
                0x0000000008001ecc                HAL_UART_MspInit
 .text.HAL_InitTick
                0x0000000008001f9c       0xb4 ./Core/Src/stm32f4xx_hal_timebase_tim.o
                0x0000000008001f9c                HAL_InitTick
 .text.NMI_Handler
                0x0000000008002050        0x6 ./Core/Src/stm32f4xx_it.o
                0x0000000008002050                NMI_Handler
 .text.HardFault_Handler
                0x0000000008002056        0x6 ./Core/Src/stm32f4xx_it.o
                0x0000000008002056                HardFault_Handler
 .text.MemManage_Handler
                0x000000000800205c        0x6 ./Core/Src/stm32f4xx_it.o
                0x000000000800205c                MemManage_Handler
 .text.BusFault_Handler
                0x0000000008002062        0x6 ./Core/Src/stm32f4xx_it.o
                0x0000000008002062                BusFault_Handler
 .text.UsageFault_Handler
                0x0000000008002068        0x6 ./Core/Src/stm32f4xx_it.o
                0x0000000008002068                UsageFault_Handler
 .text.DebugMon_Handler
                0x000000000800206e        0xe ./Core/Src/stm32f4xx_it.o
                0x000000000800206e                DebugMon_Handler
 .text.CAN1_RX0_IRQHandler
                0x000000000800207c       0x14 ./Core/Src/stm32f4xx_it.o
                0x000000000800207c                CAN1_RX0_IRQHandler
 .text.TIM1_UP_TIM10_IRQHandler
                0x0000000008002090       0x1c ./Core/Src/stm32f4xx_it.o
                0x0000000008002090                TIM1_UP_TIM10_IRQHandler
 .text.DMA2_Stream0_IRQHandler
                0x00000000080020ac       0x14 ./Core/Src/stm32f4xx_it.o
                0x00000000080020ac                DMA2_Stream0_IRQHandler
 .text.DMA2_Stream1_IRQHandler
                0x00000000080020c0       0x14 ./Core/Src/stm32f4xx_it.o
                0x00000000080020c0                DMA2_Stream1_IRQHandler
 .text.DMA2_Stream2_IRQHandler
                0x00000000080020d4       0x14 ./Core/Src/stm32f4xx_it.o
                0x00000000080020d4                DMA2_Stream2_IRQHandler
 .text.OTG_FS_IRQHandler
                0x00000000080020e8       0x14 ./Core/Src/stm32f4xx_it.o
                0x00000000080020e8                OTG_FS_IRQHandler
 .text._sbrk    0x00000000080020fc       0x6c ./Core/Src/sysmem.o
                0x00000000080020fc                _sbrk
 .text.SystemInit
                0x0000000008002168       0x24 ./Core/Src/system_stm32f4xx.o
                0x0000000008002168                SystemInit
 .text.Reset_Handler
                0x000000000800218c       0x50 ./Core/Startup/startup_stm32f407vgtx.o
                0x000000000800218c                Reset_Handler
 .text.Default_Handler
                0x00000000080021dc        0x2 ./Core/Startup/startup_stm32f407vgtx.o
                0x00000000080021dc                RTC_Alarm_IRQHandler
                0x00000000080021dc                HASH_RNG_IRQHandler
                0x00000000080021dc                EXTI2_IRQHandler
                0x00000000080021dc                TIM8_CC_IRQHandler
                0x00000000080021dc                TIM1_CC_IRQHandler
                0x00000000080021dc                DMA2_Stream5_IRQHandler
                0x00000000080021dc                DMA1_Stream5_IRQHandler
                0x00000000080021dc                PVD_IRQHandler
                0x00000000080021dc                SDIO_IRQHandler
                0x00000000080021dc                TAMP_STAMP_IRQHandler
                0x00000000080021dc                CAN2_RX1_IRQHandler
                0x00000000080021dc                EXTI3_IRQHandler
                0x00000000080021dc                TIM8_TRG_COM_TIM14_IRQHandler
                0x00000000080021dc                TIM8_UP_TIM13_IRQHandler
                0x00000000080021dc                I2C3_ER_IRQHandler
                0x00000000080021dc                EXTI0_IRQHandler
                0x00000000080021dc                I2C2_EV_IRQHandler
                0x00000000080021dc                DMA1_Stream2_IRQHandler
                0x00000000080021dc                FPU_IRQHandler
                0x00000000080021dc                OTG_HS_WKUP_IRQHandler
                0x00000000080021dc                CAN2_SCE_IRQHandler
                0x00000000080021dc                SPI1_IRQHandler
                0x00000000080021dc                TIM6_DAC_IRQHandler
                0x00000000080021dc                TIM1_BRK_TIM9_IRQHandler
                0x00000000080021dc                DCMI_IRQHandler
                0x00000000080021dc                CAN2_RX0_IRQHandler
                0x00000000080021dc                DMA2_Stream3_IRQHandler
                0x00000000080021dc                USART6_IRQHandler
                0x00000000080021dc                USART3_IRQHandler
                0x00000000080021dc                CAN1_RX1_IRQHandler
                0x00000000080021dc                UART5_IRQHandler
                0x00000000080021dc                TIM4_IRQHandler
                0x00000000080021dc                I2C1_EV_IRQHandler
                0x00000000080021dc                DMA1_Stream6_IRQHandler
                0x00000000080021dc                DMA1_Stream1_IRQHandler
                0x00000000080021dc                UART4_IRQHandler
                0x00000000080021dc                TIM3_IRQHandler
                0x00000000080021dc                RCC_IRQHandler
                0x00000000080021dc                TIM8_BRK_TIM12_IRQHandler
                0x00000000080021dc                Default_Handler
                0x00000000080021dc                EXTI15_10_IRQHandler
                0x00000000080021dc                ADC_IRQHandler
                0x00000000080021dc                DMA1_Stream7_IRQHandler
                0x00000000080021dc                TIM7_IRQHandler
                0x00000000080021dc                CAN2_TX_IRQHandler
                0x00000000080021dc                TIM5_IRQHandler
                0x00000000080021dc                DMA2_Stream7_IRQHandler
                0x00000000080021dc                I2C3_EV_IRQHandler
                0x00000000080021dc                EXTI9_5_IRQHandler
                0x00000000080021dc                RTC_WKUP_IRQHandler
                0x00000000080021dc                ETH_WKUP_IRQHandler
                0x00000000080021dc                SPI2_IRQHandler
                0x00000000080021dc                OTG_HS_EP1_IN_IRQHandler
                0x00000000080021dc                DMA1_Stream0_IRQHandler
                0x00000000080021dc                CAN1_TX_IRQHandler
                0x00000000080021dc                EXTI4_IRQHandler
                0x00000000080021dc                FSMC_IRQHandler
                0x00000000080021dc                ETH_IRQHandler
                0x00000000080021dc                OTG_HS_EP1_OUT_IRQHandler
                0x00000000080021dc                WWDG_IRQHandler
                0x00000000080021dc                TIM2_IRQHandler
                0x00000000080021dc                OTG_FS_WKUP_IRQHandler
                0x00000000080021dc                TIM1_TRG_COM_TIM11_IRQHandler
                0x00000000080021dc                OTG_HS_IRQHandler
                0x00000000080021dc                EXTI1_IRQHandler
                0x00000000080021dc                USART2_IRQHandler
                0x00000000080021dc                I2C2_ER_IRQHandler
                0x00000000080021dc                CAN1_SCE_IRQHandler
                0x00000000080021dc                FLASH_IRQHandler
                0x00000000080021dc                DMA2_Stream4_IRQHandler
                0x00000000080021dc                USART1_IRQHandler
                0x00000000080021dc                SPI3_IRQHandler
                0x00000000080021dc                DMA1_Stream4_IRQHandler
                0x00000000080021dc                I2C1_ER_IRQHandler
                0x00000000080021dc                DMA2_Stream6_IRQHandler
                0x00000000080021dc                DMA1_Stream3_IRQHandler
 *fill*         0x00000000080021de        0x2 
 .text.HAL_Init
                0x00000000080021e0       0x44 ./Drivers/STM32F4xx_HAL_Driver/Src/stm32f4xx_hal.o
                0x00000000080021e0                HAL_Init
 .text.HAL_IncTick
                0x0000000008002224       0x28 ./Drivers/STM32F4xx_HAL_Driver/Src/stm32f4xx_hal.o
                0x0000000008002224                HAL_IncTick
 .text.HAL_GetTick
                0x000000000800224c       0x18 ./Drivers/STM32F4xx_HAL_Driver/Src/stm32f4xx_hal.o
                0x000000000800224c                HAL_GetTick
 .text.HAL_Delay
                0x0000000008002264       0x48 ./Drivers/STM32F4xx_HAL_Driver/Src/stm32f4xx_hal.o
                0x0000000008002264                HAL_Delay
 .text.HAL_ADC_Init
                0x00000000080022ac       0x86 ./Drivers/STM32F4xx_HAL_Driver/Src/stm32f4xx_hal_adc.o
                0x00000000080022ac                HAL_ADC_Init
 *fill*         0x0000000008002332        0x2 
 .text.HAL_ADC_Start_DMA
                0x0000000008002334      0x220 ./Drivers/STM32F4xx_HAL_Driver/Src/stm32f4xx_hal_adc.o
                0x0000000008002334                HAL_ADC_Start_DMA
 .text.HAL_ADC_ConvCpltCallback
                0x0000000008002554       0x14 ./Drivers/STM32F4xx_HAL_Driver/Src/stm32f4xx_hal_adc.o
                0x0000000008002554                HAL_ADC_ConvCpltCallback
 .text.HAL_ADC_ConvHalfCpltCallback
                0x0000000008002568       0x14 ./Drivers/STM32F4xx_HAL_Driver/Src/stm32f4xx_hal_adc.o
                0x0000000008002568                HAL_ADC_ConvHalfCpltCallback
 .text.HAL_ADC_ErrorCallback
                0x000000000800257c       0x14 ./Drivers/STM32F4xx_HAL_Driver/Src/stm32f4xx_hal_adc.o
                0x000000000800257c                HAL_ADC_ErrorCallback
 .text.HAL_ADC_ConfigChannel
                0x0000000008002590      0x244 ./Drivers/STM32F4xx_HAL_Driver/Src/stm32f4xx_hal_adc.o
                0x0000000008002590                HAL_ADC_ConfigChannel
 .text.ADC_Init
                0x00000000080027d4      0x1f8 ./Drivers/STM32F4xx_HAL_Driver/Src/stm32f4xx_hal_adc.o
 .text.ADC_DMAConvCplt
                0x00000000080029cc       0xba ./Drivers/STM32F4xx_HAL_Driver/Src/stm32f4xx_hal_adc.o
 .text.ADC_DMAHalfConvCplt
                0x0000000008002a86       0x1c ./Drivers/STM32F4xx_HAL_Driver/Src/stm32f4xx_hal_adc.o
 .text.ADC_DMAError
                0x0000000008002aa2       0x2e ./Drivers/STM32F4xx_HAL_Driver/Src/stm32f4xx_hal_adc.o
 .text.HAL_CAN_Init
                0x0000000008002ad0      0x1f6 ./Drivers/STM32F4xx_HAL_Driver/Src/stm32f4xx_hal_can.o
                0x0000000008002ad0                HAL_CAN_Init
 *fill*         0x0000000008002cc6        0x2 
 .text.HAL_CAN_ConfigFilter
                0x0000000008002cc8      0x1c0 ./Drivers/STM32F4xx_HAL_Driver/Src/stm32f4xx_hal_can.o
                0x0000000008002cc8                HAL_CAN_ConfigFilter
 .text.HAL_CAN_Start
                0x0000000008002e88       0x88 ./Drivers/STM32F4xx_HAL_Driver/Src/stm32f4xx_hal_can.o
                0x0000000008002e88                HAL_CAN_Start
 .text.HAL_CAN_GetRxMessage
                0x0000000008002f10      0x224 ./Drivers/STM32F4xx_HAL_Driver/Src/stm32f4xx_hal_can.o
                0x0000000008002f10                HAL_CAN_GetRxMessage
 .text.HAL_CAN_ActivateNotification
                0x0000000008003134       0x4c ./Drivers/STM32F4xx_HAL_Driver/Src/stm32f4xx_hal_can.o
                0x0000000008003134                HAL_CAN_ActivateNotification
 .text.HAL_CAN_IRQHandler
                0x0000000008003180      0x36e ./Drivers/STM32F4xx_HAL_Driver/Src/stm32f4xx_hal_can.o
                0x0000000008003180                HAL_CAN_IRQHandler
 .text.HAL_CAN_TxMailbox0CompleteCallback
                0x00000000080034ee       0x14 ./Drivers/STM32F4xx_HAL_Driver/Src/stm32f4xx_hal_can.o
                0x00000000080034ee                HAL_CAN_TxMailbox0CompleteCallback
 .text.HAL_CAN_TxMailbox1CompleteCallback
                0x0000000008003502       0x14 ./Drivers/STM32F4xx_HAL_Driver/Src/stm32f4xx_hal_can.o
                0x0000000008003502                HAL_CAN_TxMailbox1CompleteCallback
 .text.HAL_CAN_TxMailbox2CompleteCallback
                0x0000000008003516       0x14 ./Drivers/STM32F4xx_HAL_Driver/Src/stm32f4xx_hal_can.o
                0x0000000008003516                HAL_CAN_TxMailbox2CompleteCallback
 .text.HAL_CAN_TxMailbox0AbortCallback
                0x000000000800352a       0x14 ./Drivers/STM32F4xx_HAL_Driver/Src/stm32f4xx_hal_can.o
                0x000000000800352a                HAL_CAN_TxMailbox0AbortCallback
 .text.HAL_CAN_TxMailbox1AbortCallback
                0x000000000800353e       0x14 ./Drivers/STM32F4xx_HAL_Driver/Src/stm32f4xx_hal_can.o
                0x000000000800353e                HAL_CAN_TxMailbox1AbortCallback
 .text.HAL_CAN_TxMailbox2AbortCallback
                0x0000000008003552       0x14 ./Drivers/STM32F4xx_HAL_Driver/Src/stm32f4xx_hal_can.o
                0x0000000008003552                HAL_CAN_TxMailbox2AbortCallback
 .text.HAL_CAN_RxFifo0FullCallback
                0x0000000008003566       0x14 ./Drivers/STM32F4xx_HAL_Driver/Src/stm32f4xx_hal_can.o
                0x0000000008003566                HAL_CAN_RxFifo0FullCallback
 .text.HAL_CAN_RxFifo1MsgPendingCallback
                0x000000000800357a       0x14 ./Drivers/STM32F4xx_HAL_Driver/Src/stm32f4xx_hal_can.o
                0x000000000800357a                HAL_CAN_RxFifo1MsgPendingCallback
 .text.HAL_CAN_RxFifo1FullCallback
                0x000000000800358e       0x14 ./Drivers/STM32F4xx_HAL_Driver/Src/stm32f4xx_hal_can.o
                0x000000000800358e                HAL_CAN_RxFifo1FullCallback
 .text.HAL_CAN_SleepCallback
                0x00000000080035a2       0x14 ./Drivers/STM32F4xx_HAL_Driver/Src/stm32f4xx_hal_can.o
                0x00000000080035a2                HAL_CAN_SleepCallback
 .text.HAL_CAN_WakeUpFromRxMsgCallback
                0x00000000080035b6       0x14 ./Drivers/STM32F4xx_HAL_Driver/Src/stm32f4xx_hal_can.o
                0x00000000080035b6                HAL_CAN_WakeUpFromRxMsgCallback
 .text.HAL_CAN_ErrorCallback
                0x00000000080035ca       0x14 ./Drivers/STM32F4xx_HAL_Driver/Src/stm32f4xx_hal_can.o
                0x00000000080035ca                HAL_CAN_ErrorCallback
 *fill*         0x00000000080035de        0x2 
 .text.__NVIC_SetPriorityGrouping
                0x00000000080035e0       0x48 ./Drivers/STM32F4xx_HAL_Driver/Src/stm32f4xx_hal_cortex.o
 .text.__NVIC_GetPriorityGrouping
                0x0000000008003628       0x1c ./Drivers/STM32F4xx_HAL_Driver/Src/stm32f4xx_hal_cortex.o
 .text.__NVIC_EnableIRQ
                0x0000000008003644       0x3c ./Drivers/STM32F4xx_HAL_Driver/Src/stm32f4xx_hal_cortex.o
 .text.__NVIC_SetPriority
                0x0000000008003680       0x54 ./Drivers/STM32F4xx_HAL_Driver/Src/stm32f4xx_hal_cortex.o
 .text.NVIC_EncodePriority
                0x00000000080036d4       0x66 ./Drivers/STM32F4xx_HAL_Driver/Src/stm32f4xx_hal_cortex.o
 .text.HAL_NVIC_SetPriorityGrouping
                0x000000000800373a       0x16 ./Drivers/STM32F4xx_HAL_Driver/Src/stm32f4xx_hal_cortex.o
                0x000000000800373a                HAL_NVIC_SetPriorityGrouping
 .text.HAL_NVIC_SetPriority
                0x0000000008003750       0x38 ./Drivers/STM32F4xx_HAL_Driver/Src/stm32f4xx_hal_cortex.o
                0x0000000008003750                HAL_NVIC_SetPriority
 .text.HAL_NVIC_EnableIRQ
                0x0000000008003788       0x1c ./Drivers/STM32F4xx_HAL_Driver/Src/stm32f4xx_hal_cortex.o
                0x0000000008003788                HAL_NVIC_EnableIRQ
 .text.HAL_DMA_Init
                0x00000000080037a4      0x15c ./Drivers/STM32F4xx_HAL_Driver/Src/stm32f4xx_hal_dma.o
                0x00000000080037a4                HAL_DMA_Init
 .text.HAL_DMA_Start_IT
                0x0000000008003900       0xb0 ./Drivers/STM32F4xx_HAL_Driver/Src/stm32f4xx_hal_dma.o
                0x0000000008003900                HAL_DMA_Start_IT
 .text.HAL_DMA_IRQHandler
                0x00000000080039b0      0x314 ./Drivers/STM32F4xx_HAL_Driver/Src/stm32f4xx_hal_dma.o
                0x00000000080039b0                HAL_DMA_IRQHandler
 .text.DMA_SetConfig
                0x0000000008003cc4       0x5c ./Drivers/STM32F4xx_HAL_Driver/Src/stm32f4xx_hal_dma.o
 .text.DMA_CalcBaseAndBitshift
                0x0000000008003d20       0x6c ./Drivers/STM32F4xx_HAL_Driver/Src/stm32f4xx_hal_dma.o
 .text.DMA_CheckFifoParam
                0x0000000008003d8c       0xf8 ./Drivers/STM32F4xx_HAL_Driver/Src/stm32f4xx_hal_dma.o
 .text.HAL_GPIO_Init
                0x0000000008003e84      0x338 ./Drivers/STM32F4xx_HAL_Driver/Src/stm32f4xx_hal_gpio.o
                0x0000000008003e84                HAL_GPIO_Init
 .text.HAL_GPIO_ReadPin
                0x00000000080041bc       0x30 ./Drivers/STM32F4xx_HAL_Driver/Src/stm32f4xx_hal_gpio.o
                0x00000000080041bc                HAL_GPIO_ReadPin
 .text.HAL_GPIO_WritePin
                0x00000000080041ec       0x32 ./Drivers/STM32F4xx_HAL_Driver/Src/stm32f4xx_hal_gpio.o
                0x00000000080041ec                HAL_GPIO_WritePin
 .text.HAL_GPIO_TogglePin
                0x000000000800421e       0x34 ./Drivers/STM32F4xx_HAL_Driver/Src/stm32f4xx_hal_gpio.o
                0x000000000800421e                HAL_GPIO_TogglePin
 .text.HAL_HCD_Init
                0x0000000008004252       0xc4 ./Drivers/STM32F4xx_HAL_Driver/Src/stm32f4xx_hal_hcd.o
                0x0000000008004252                HAL_HCD_Init
 .text.HAL_HCD_HC_Init
                0x0000000008004316      0x11e ./Drivers/STM32F4xx_HAL_Driver/Src/stm32f4xx_hal_hcd.o
                0x0000000008004316                HAL_HCD_HC_Init
 .text.HAL_HCD_HC_Halt
                0x0000000008004434       0x46 ./Drivers/STM32F4xx_HAL_Driver/Src/stm32f4xx_hal_hcd.o
                0x0000000008004434                HAL_HCD_HC_Halt
 *fill*         0x000000000800447a        0x2 
 .text.HAL_HCD_HC_SubmitRequest
                0x000000000800447c      0x2ac ./Drivers/STM32F4xx_HAL_Driver/Src/stm32f4xx_hal_hcd.o
                0x000000000800447c                HAL_HCD_HC_SubmitRequest
 .text.HAL_HCD_IRQHandler
                0x0000000008004728      0x216 ./Drivers/STM32F4xx_HAL_Driver/Src/stm32f4xx_hal_hcd.o
                0x0000000008004728                HAL_HCD_IRQHandler
 .text.HAL_HCD_Start
                0x000000000800493e       0x46 ./Drivers/STM32F4xx_HAL_Driver/Src/stm32f4xx_hal_hcd.o
                0x000000000800493e                HAL_HCD_Start
 .text.HAL_HCD_Stop
                0x0000000008004984       0x3a ./Drivers/STM32F4xx_HAL_Driver/Src/stm32f4xx_hal_hcd.o
                0x0000000008004984                HAL_HCD_Stop
 .text.HAL_HCD_ResetPort
                0x00000000080049be       0x1c ./Drivers/STM32F4xx_HAL_Driver/Src/stm32f4xx_hal_hcd.o
                0x00000000080049be                HAL_HCD_ResetPort
 .text.HAL_HCD_HC_GetURBState
                0x00000000080049da       0x28 ./Drivers/STM32F4xx_HAL_Driver/Src/stm32f4xx_hal_hcd.o
                0x00000000080049da                HAL_HCD_HC_GetURBState
 .text.HAL_HCD_HC_GetXferCount
                0x0000000008004a02       0x28 ./Drivers/STM32F4xx_HAL_Driver/Src/stm32f4xx_hal_hcd.o
                0x0000000008004a02                HAL_HCD_HC_GetXferCount
 .text.HAL_HCD_GetCurrentFrame
                0x0000000008004a2a       0x1c ./Drivers/STM32F4xx_HAL_Driver/Src/stm32f4xx_hal_hcd.o
                0x0000000008004a2a                HAL_HCD_GetCurrentFrame
 .text.HAL_HCD_GetCurrentSpeed
                0x0000000008004a46       0x1c ./Drivers/STM32F4xx_HAL_Driver/Src/stm32f4xx_hal_hcd.o
                0x0000000008004a46                HAL_HCD_GetCurrentSpeed
 .text.HCD_HC_IN_IRQHandler
                0x0000000008004a62      0x844 ./Drivers/STM32F4xx_HAL_Driver/Src/stm32f4xx_hal_hcd.o
 .text.HCD_HC_OUT_IRQHandler
                0x00000000080052a6      0x802 ./Drivers/STM32F4xx_HAL_Driver/Src/stm32f4xx_hal_hcd.o
 .text.HCD_RXQLVL_IRQHandler
                0x0000000008005aa8      0x1a4 ./Drivers/STM32F4xx_HAL_Driver/Src/stm32f4xx_hal_hcd.o
 .text.HCD_Port_IRQHandler
                0x0000000008005c4c       0xe6 ./Drivers/STM32F4xx_HAL_Driver/Src/stm32f4xx_hal_hcd.o
 *fill*         0x0000000008005d32        0x2 
 .text.HAL_I2C_Init
                0x0000000008005d34      0x288 ./Drivers/STM32F4xx_HAL_Driver/Src/stm32f4xx_hal_i2c.o
                0x0000000008005d34                HAL_I2C_Init
 .text.HAL_I2S_Init
                0x0000000008005fbc      0x280 ./Drivers/STM32F4xx_HAL_Driver/Src/stm32f4xx_hal_i2s.o
                0x0000000008005fbc                HAL_I2S_Init
 .text.HAL_I2S_TxCpltCallback
                0x000000000800623c       0x14 ./Drivers/STM32F4xx_HAL_Driver/Src/stm32f4xx_hal_i2s.o
                0x000000000800623c                HAL_I2S_TxCpltCallback
 .text.HAL_I2S_RxCpltCallback
                0x0000000008006250       0x14 ./Drivers/STM32F4xx_HAL_Driver/Src/stm32f4xx_hal_i2s.o
                0x0000000008006250                HAL_I2S_RxCpltCallback
 .text.HAL_I2S_ErrorCallback
                0x0000000008006264       0x14 ./Drivers/STM32F4xx_HAL_Driver/Src/stm32f4xx_hal_i2s.o
                0x0000000008006264                HAL_I2S_ErrorCallback
 .text.I2S_Transmit_IT
                0x0000000008006278       0x5c ./Drivers/STM32F4xx_HAL_Driver/Src/stm32f4xx_hal_i2s.o
 .text.I2S_Receive_IT
                0x00000000080062d4       0x5e ./Drivers/STM32F4xx_HAL_Driver/Src/stm32f4xx_hal_i2s.o
 .text.I2S_IRQHandler
                0x0000000008006332      0x114 ./Drivers/STM32F4xx_HAL_Driver/Src/stm32f4xx_hal_i2s.o
 *fill*         0x0000000008006446        0x2 
 .text.HAL_I2SEx_FullDuplex_IRQHandler
                0x0000000008006448      0x2a8 ./Drivers/STM32F4xx_HAL_Driver/Src/stm32f4xx_hal_i2s_ex.o
                0x0000000008006448                HAL_I2SEx_FullDuplex_IRQHandler
 .text.HAL_I2SEx_TxRxCpltCallback
                0x00000000080066f0       0x14 ./Drivers/STM32F4xx_HAL_Driver/Src/stm32f4xx_hal_i2s_ex.o
                0x00000000080066f0                HAL_I2SEx_TxRxCpltCallback
 .text.I2SEx_TxISR_I2S
                0x0000000008006704       0x62 ./Drivers/STM32F4xx_HAL_Driver/Src/stm32f4xx_hal_i2s_ex.o
 *fill*         0x0000000008006766        0x2 
 .text.I2SEx_TxISR_I2SExt
                0x0000000008006768       0x98 ./Drivers/STM32F4xx_HAL_Driver/Src/stm32f4xx_hal_i2s_ex.o
 .text.I2SEx_RxISR_I2S
                0x0000000008006800       0x64 ./Drivers/STM32F4xx_HAL_Driver/Src/stm32f4xx_hal_i2s_ex.o
 .text.I2SEx_RxISR_I2SExt
                0x0000000008006864       0x98 ./Drivers/STM32F4xx_HAL_Driver/Src/stm32f4xx_hal_i2s_ex.o
 .text.HAL_RCC_OscConfig
                0x00000000080068fc      0x4f0 ./Drivers/STM32F4xx_HAL_Driver/Src/stm32f4xx_hal_rcc.o
                0x00000000080068fc                HAL_RCC_OscConfig
 .text.HAL_RCC_ClockConfig
                0x0000000008006dec      0x1cc ./Drivers/STM32F4xx_HAL_Driver/Src/stm32f4xx_hal_rcc.o
                0x0000000008006dec                HAL_RCC_ClockConfig
 .text.HAL_RCC_GetSysClockFreq
                0x0000000008006fb8      0x1c4 ./Drivers/STM32F4xx_HAL_Driver/Src/stm32f4xx_hal_rcc.o
                0x0000000008006fb8                HAL_RCC_GetSysClockFreq
 .text.HAL_RCC_GetHCLKFreq
                0x000000000800717c       0x18 ./Drivers/STM32F4xx_HAL_Driver/Src/stm32f4xx_hal_rcc.o
                0x000000000800717c                HAL_RCC_GetHCLKFreq
 .text.HAL_RCC_GetPCLK1Freq
                0x0000000008007194       0x28 ./Drivers/STM32F4xx_HAL_Driver/Src/stm32f4xx_hal_rcc.o
                0x0000000008007194                HAL_RCC_GetPCLK1Freq
 .text.HAL_RCC_GetPCLK2Freq
                0x00000000080071bc       0x28 ./Drivers/STM32F4xx_HAL_Driver/Src/stm32f4xx_hal_rcc.o
                0x00000000080071bc                HAL_RCC_GetPCLK2Freq
 .text.HAL_RCC_GetClockConfig
                0x00000000080071e4       0x64 ./Drivers/STM32F4xx_HAL_Driver/Src/stm32f4xx_hal_rcc.o
                0x00000000080071e4                HAL_RCC_GetClockConfig
 .text.HAL_RCCEx_PeriphCLKConfig
                0x0000000008007248      0x1c4 ./Drivers/STM32F4xx_HAL_Driver/Src/stm32f4xx_hal_rcc_ex.o
                0x0000000008007248                HAL_RCCEx_PeriphCLKConfig
 .text.HAL_RCCEx_GetPeriphCLKFreq
                0x000000000800740c       0xbc ./Drivers/STM32F4xx_HAL_Driver/Src/stm32f4xx_hal_rcc_ex.o
                0x000000000800740c                HAL_RCCEx_GetPeriphCLKFreq
 .text.HAL_SPI_Init
                0x00000000080074c8      0x112 ./Drivers/STM32F4xx_HAL_Driver/Src/stm32f4xx_hal_spi.o
                0x00000000080074c8                HAL_SPI_Init
 .text.HAL_TIM_Base_Init
                0x00000000080075da       0x9e ./Drivers/STM32F4xx_HAL_Driver/Src/stm32f4xx_hal_tim.o
                0x00000000080075da                HAL_TIM_Base_Init
 .text.HAL_TIM_Base_Start
                0x0000000008007678       0xd0 ./Drivers/STM32F4xx_HAL_Driver/Src/stm32f4xx_hal_tim.o
                0x0000000008007678                HAL_TIM_Base_Start
 .text.HAL_TIM_Base_Stop
                0x0000000008007748       0x4e ./Drivers/STM32F4xx_HAL_Driver/Src/stm32f4xx_hal_tim.o
                0x0000000008007748                HAL_TIM_Base_Stop
 *fill*         0x0000000008007796        0x2 
 .text.HAL_TIM_Base_Start_IT
                0x0000000008007798       0xe0 ./Drivers/STM32F4xx_HAL_Driver/Src/stm32f4xx_hal_tim.o
                0x0000000008007798                HAL_TIM_Base_Start_IT
 .text.HAL_TIM_IRQHandler
                0x0000000008007878      0x210 ./Drivers/STM32F4xx_HAL_Driver/Src/stm32f4xx_hal_tim.o
                0x0000000008007878                HAL_TIM_IRQHandler
 .text.HAL_TIM_OC_DelayElapsedCallback
                0x0000000008007a88       0x14 ./Drivers/STM32F4xx_HAL_Driver/Src/stm32f4xx_hal_tim.o
                0x0000000008007a88                HAL_TIM_OC_DelayElapsedCallback
 .text.HAL_TIM_IC_CaptureCallback
                0x0000000008007a9c       0x14 ./Drivers/STM32F4xx_HAL_Driver/Src/stm32f4xx_hal_tim.o
                0x0000000008007a9c                HAL_TIM_IC_CaptureCallback
 .text.HAL_TIM_PWM_PulseFinishedCallback
                0x0000000008007ab0       0x14 ./Drivers/STM32F4xx_HAL_Driver/Src/stm32f4xx_hal_tim.o
                0x0000000008007ab0                HAL_TIM_PWM_PulseFinishedCallback
 .text.HAL_TIM_TriggerCallback
                0x0000000008007ac4       0x14 ./Drivers/STM32F4xx_HAL_Driver/Src/stm32f4xx_hal_tim.o
                0x0000000008007ac4                HAL_TIM_TriggerCallback
 .text.TIM_Base_SetConfig
                0x0000000008007ad8      0x140 ./Drivers/STM32F4xx_HAL_Driver/Src/stm32f4xx_hal_tim.o
                0x0000000008007ad8                TIM_Base_SetConfig
 .text.HAL_TIMEx_CommutCallback
                0x0000000008007c18       0x14 ./Drivers/STM32F4xx_HAL_Driver/Src/stm32f4xx_hal_tim_ex.o
                0x0000000008007c18                HAL_TIMEx_CommutCallback
 .text.HAL_TIMEx_BreakCallback
                0x0000000008007c2c       0x14 ./Drivers/STM32F4xx_HAL_Driver/Src/stm32f4xx_hal_tim_ex.o
                0x0000000008007c2c                HAL_TIMEx_BreakCallback
 .text.HAL_UART_Init
                0x0000000008007c40       0x9a ./Drivers/STM32F4xx_HAL_Driver/Src/stm32f4xx_hal_uart.o
                0x0000000008007c40                HAL_UART_Init
 .text.HAL_UART_Transmit
                0x0000000008007cda      0x124 ./Drivers/STM32F4xx_HAL_Driver/Src/stm32f4xx_hal_uart.o
                0x0000000008007cda                HAL_UART_Transmit
 .text.UART_WaitOnFlagUntilTimeout
                0x0000000008007dfe       0xdc ./Drivers/STM32F4xx_HAL_Driver/Src/stm32f4xx_hal_uart.o
 *fill*         0x0000000008007eda        0x2 
 .text.UART_SetConfig
                0x0000000008007edc      0x390 ./Drivers/STM32F4xx_HAL_Driver/Src/stm32f4xx_hal_uart.o
 .text.USB_CoreInit
                0x000000000800826c       0xc2 ./Drivers/STM32F4xx_HAL_Driver/Src/stm32f4xx_ll_usb.o
                0x000000000800826c                USB_CoreInit
 .text.USB_EnableGlobalInt
                0x000000000800832e       0x22 ./Drivers/STM32F4xx_HAL_Driver/Src/stm32f4xx_ll_usb.o
                0x000000000800832e                USB_EnableGlobalInt
 .text.USB_DisableGlobalInt
                0x0000000008008350       0x22 ./Drivers/STM32F4xx_HAL_Driver/Src/stm32f4xx_ll_usb.o
                0x0000000008008350                USB_DisableGlobalInt
 .text.USB_SetCurrentMode
                0x0000000008008372       0x98 ./Drivers/STM32F4xx_HAL_Driver/Src/stm32f4xx_ll_usb.o
                0x0000000008008372                USB_SetCurrentMode
 *fill*         0x000000000800840a        0x2 
 .text.USB_FlushTxFifo
                0x000000000800840c       0x48 ./Drivers/STM32F4xx_HAL_Driver/Src/stm32f4xx_ll_usb.o
                0x000000000800840c                USB_FlushTxFifo
 .text.USB_FlushRxFifo
                0x0000000008008454       0x40 ./Drivers/STM32F4xx_HAL_Driver/Src/stm32f4xx_ll_usb.o
                0x0000000008008454                USB_FlushRxFifo
 .text.USB_WritePacket
                0x0000000008008494       0x7c ./Drivers/STM32F4xx_HAL_Driver/Src/stm32f4xx_ll_usb.o
                0x0000000008008494                USB_WritePacket
 .text.USB_ReadPacket
                0x0000000008008510       0xb0 ./Drivers/STM32F4xx_HAL_Driver/Src/stm32f4xx_ll_usb.o
                0x0000000008008510                USB_ReadPacket
 .text.USB_ReadInterrupts
                0x00000000080085c0       0x26 ./Drivers/STM32F4xx_HAL_Driver/Src/stm32f4xx_ll_usb.o
                0x00000000080085c0                USB_ReadInterrupts
 .text.USB_GetMode
                0x00000000080085e6       0x1c ./Drivers/STM32F4xx_HAL_Driver/Src/stm32f4xx_ll_usb.o
                0x00000000080085e6                USB_GetMode
 *fill*         0x0000000008008602        0x2 
 .text.USB_CoreReset
                0x0000000008008604       0x64 ./Drivers/STM32F4xx_HAL_Driver/Src/stm32f4xx_ll_usb.o
 .text.USB_HostInit
                0x0000000008008668      0x168 ./Drivers/STM32F4xx_HAL_Driver/Src/stm32f4xx_ll_usb.o
                0x0000000008008668                USB_HostInit
 .text.USB_InitFSLSPClkSel
                0x00000000080087d0       0x74 ./Drivers/STM32F4xx_HAL_Driver/Src/stm32f4xx_ll_usb.o
                0x00000000080087d0                USB_InitFSLSPClkSel
 .text.USB_ResetPort
                0x0000000008008844       0x54 ./Drivers/STM32F4xx_HAL_Driver/Src/stm32f4xx_ll_usb.o
                0x0000000008008844                USB_ResetPort
 .text.USB_DriveVbus
                0x0000000008008898       0x72 ./Drivers/STM32F4xx_HAL_Driver/Src/stm32f4xx_ll_usb.o
                0x0000000008008898                USB_DriveVbus
 .text.USB_GetHostSpeed
                0x000000000800890a       0x2e ./Drivers/STM32F4xx_HAL_Driver/Src/stm32f4xx_ll_usb.o
                0x000000000800890a                USB_GetHostSpeed
 .text.USB_GetCurrentFrame
                0x0000000008008938       0x22 ./Drivers/STM32F4xx_HAL_Driver/Src/stm32f4xx_ll_usb.o
                0x0000000008008938                USB_GetCurrentFrame
 *fill*         0x000000000800895a        0x2 
 .text.USB_HC_Init
                0x000000000800895c      0x21c ./Drivers/STM32F4xx_HAL_Driver/Src/stm32f4xx_ll_usb.o
                0x000000000800895c                USB_HC_Init
 .text.USB_HC_StartXfer
                0x0000000008008b78      0x284 ./Drivers/STM32F4xx_HAL_Driver/Src/stm32f4xx_ll_usb.o
                0x0000000008008b78                USB_HC_StartXfer
 .text.USB_HC_ReadInterrupt
                0x0000000008008dfc       0x22 ./Drivers/STM32F4xx_HAL_Driver/Src/stm32f4xx_ll_usb.o
                0x0000000008008dfc                USB_HC_ReadInterrupt
 .text.USB_HC_Halt
                0x0000000008008e1e      0x238 ./Drivers/STM32F4xx_HAL_Driver/Src/stm32f4xx_ll_usb.o
                0x0000000008008e1e                USB_HC_Halt
 *fill*         0x0000000008009056        0x2 
 .text.USB_DoPing
                0x0000000008009058       0x78 ./Drivers/STM32F4xx_HAL_Driver/Src/stm32f4xx_ll_usb.o
                0x0000000008009058                USB_DoPing
 .text.USB_StopHost
                0x00000000080090d0      0x10c ./Drivers/STM32F4xx_HAL_Driver/Src/stm32f4xx_ll_usb.o
                0x00000000080090d0                USB_StopHost
 .text.USBH_CDC_InterfaceInit
                0x00000000080091dc      0x2ac ./Middlewares/ST/STM32_USB_Host_Library/Class/CDC/Src/usbh_cdc.o
 .text.USBH_CDC_InterfaceDeInit
                0x0000000008009488       0xb2 ./Middlewares/ST/STM32_USB_Host_Library/Class/CDC/Src/usbh_cdc.o
 .text.USBH_CDC_ClassRequest
                0x000000000800953a       0x3e ./Middlewares/ST/STM32_USB_Host_Library/Class/CDC/Src/usbh_cdc.o
 .text.USBH_CDC_Process
                0x0000000008009578      0x12c ./Middlewares/ST/STM32_USB_Host_Library/Class/CDC/Src/usbh_cdc.o
 .text.USBH_CDC_SOFProcess
                0x00000000080096a4       0x16 ./Middlewares/ST/STM32_USB_Host_Library/Class/CDC/Src/usbh_cdc.o
 .text.GetLineCoding
                0x00000000080096ba       0x3e ./Middlewares/ST/STM32_USB_Host_Library/Class/CDC/Src/usbh_cdc.o
 .text.SetLineCoding
                0x00000000080096f8       0x3e ./Middlewares/ST/STM32_USB_Host_Library/Class/CDC/Src/usbh_cdc.o
 .text.CDC_ProcessTransmission
                0x0000000008009736      0x124 ./Middlewares/ST/STM32_USB_Host_Library/Class/CDC/Src/usbh_cdc.o
 .text.CDC_ProcessReception
                0x000000000800985a       0xd2 ./Middlewares/ST/STM32_USB_Host_Library/Class/CDC/Src/usbh_cdc.o
 .text.USBH_CDC_TransmitCallback
                0x000000000800992c       0x14 ./Middlewares/ST/STM32_USB_Host_Library/Class/CDC/Src/usbh_cdc.o
                0x000000000800992c                USBH_CDC_TransmitCallback
 .text.USBH_CDC_ReceiveCallback
                0x0000000008009940       0x14 ./Middlewares/ST/STM32_USB_Host_Library/Class/CDC/Src/usbh_cdc.o
                0x0000000008009940                USBH_CDC_ReceiveCallback
 .text.USBH_CDC_LineCodingChanged
                0x0000000008009954       0x14 ./Middlewares/ST/STM32_USB_Host_Library/Class/CDC/Src/usbh_cdc.o
                0x0000000008009954                USBH_CDC_LineCodingChanged
 .text.USBH_Init
                0x0000000008009968       0xc4 ./Middlewares/ST/STM32_USB_Host_Library/Core/Src/usbh_core.o
                0x0000000008009968                USBH_Init
 .text.DeInitStateMachine
                0x0000000008009a2c       0xa8 ./Middlewares/ST/STM32_USB_Host_Library/Core/Src/usbh_core.o
 .text.USBH_RegisterClass
                0x0000000008009ad4       0x54 ./Middlewares/ST/STM32_USB_Host_Library/Core/Src/usbh_core.o
                0x0000000008009ad4                USBH_RegisterClass
 .text.USBH_SelectInterface
                0x0000000008009b28       0x38 ./Middlewares/ST/STM32_USB_Host_Library/Core/Src/usbh_core.o
                0x0000000008009b28                USBH_SelectInterface
 .text.USBH_FindInterface
                0x0000000008009b60       0x8c ./Middlewares/ST/STM32_USB_Host_Library/Core/Src/usbh_core.o
                0x0000000008009b60                USBH_FindInterface
 .text.USBH_Start
                0x0000000008009bec       0x20 ./Middlewares/ST/STM32_USB_Host_Library/Core/Src/usbh_core.o
                0x0000000008009bec                USBH_Start
 .text.USBH_Process
                0x0000000008009c0c      0x4c4 ./Middlewares/ST/STM32_USB_Host_Library/Core/Src/usbh_core.o
                0x0000000008009c0c                USBH_Process
 .text.USBH_HandleEnum
                0x000000000800a0d0      0x458 ./Middlewares/ST/STM32_USB_Host_Library/Core/Src/usbh_core.o
 .text.USBH_LL_SetTimer
                0x000000000800a528       0x1e ./Middlewares/ST/STM32_USB_Host_Library/Core/Src/usbh_core.o
                0x000000000800a528                USBH_LL_SetTimer
 .text.USBH_LL_IncTimer
                0x000000000800a546       0x24 ./Middlewares/ST/STM32_USB_Host_Library/Core/Src/usbh_core.o
                0x000000000800a546                USBH_LL_IncTimer
 .text.USBH_HandleSof
                0x000000000800a56a       0x30 ./Middlewares/ST/STM32_USB_Host_Library/Core/Src/usbh_core.o
 .text.USBH_LL_PortEnabled
                0x000000000800a59a       0x34 ./Middlewares/ST/STM32_USB_Host_Library/Core/Src/usbh_core.o
                0x000000000800a59a                USBH_LL_PortEnabled
 .text.USBH_LL_PortDisabled
                0x000000000800a5ce       0x1c ./Middlewares/ST/STM32_USB_Host_Library/Core/Src/usbh_core.o
                0x000000000800a5ce                USBH_LL_PortDisabled
 .text.USBH_LL_Connect
                0x000000000800a5ea       0x46 ./Middlewares/ST/STM32_USB_Host_Library/Core/Src/usbh_core.o
                0x000000000800a5ea                USBH_LL_Connect
 .text.USBH_LL_Disconnect
                0x000000000800a630       0x64 ./Middlewares/ST/STM32_USB_Host_Library/Core/Src/usbh_core.o
                0x000000000800a630                USBH_LL_Disconnect
 .text.USBH_Process_OS
                0x000000000800a694       0x2a ./Middlewares/ST/STM32_USB_Host_Library/Core/Src/usbh_core.o
 .text.USBH_LL_NotifyURBChange
                0x000000000800a6be       0x2e ./Middlewares/ST/STM32_USB_Host_Library/Core/Src/usbh_core.o
                0x000000000800a6be                USBH_LL_NotifyURBChange
 .text.USBH_Get_DevDesc
                0x000000000800a6ec       0x50 ./Middlewares/ST/STM32_USB_Host_Library/Core/Src/usbh_ctlreq.o
                0x000000000800a6ec                USBH_Get_DevDesc
 .text.USBH_Get_CfgDesc
                0x000000000800a73c       0x48 ./Middlewares/ST/STM32_USB_Host_Library/Core/Src/usbh_ctlreq.o
                0x000000000800a73c                USBH_Get_CfgDesc
 .text.USBH_Get_StringDesc
                0x000000000800a784       0x56 ./Middlewares/ST/STM32_USB_Host_Library/Core/Src/usbh_ctlreq.o
                0x000000000800a784                USBH_Get_StringDesc
 .text.USBH_GetDescriptor
                0x000000000800a7da       0x6a ./Middlewares/ST/STM32_USB_Host_Library/Core/Src/usbh_ctlreq.o
                0x000000000800a7da                USBH_GetDescriptor
 .text.USBH_SetAddress
                0x000000000800a844       0x48 ./Middlewares/ST/STM32_USB_Host_Library/Core/Src/usbh_ctlreq.o
                0x000000000800a844                USBH_SetAddress
 .text.USBH_SetCfg
                0x000000000800a88c       0x46 ./Middlewares/ST/STM32_USB_Host_Library/Core/Src/usbh_ctlreq.o
                0x000000000800a88c                USBH_SetCfg
 .text.USBH_SetFeature
                0x000000000800a8d2       0x48 ./Middlewares/ST/STM32_USB_Host_Library/Core/Src/usbh_ctlreq.o
                0x000000000800a8d2                USBH_SetFeature
 .text.USBH_ClrFeature
                0x000000000800a91a       0x48 ./Middlewares/ST/STM32_USB_Host_Library/Core/Src/usbh_ctlreq.o
                0x000000000800a91a                USBH_ClrFeature
 .text.USBH_ParseDevDesc
                0x000000000800a962       0xe0 ./Middlewares/ST/STM32_USB_Host_Library/Core/Src/usbh_ctlreq.o
 .text.USBH_ParseCfgDesc
                0x000000000800aa42      0x144 ./Middlewares/ST/STM32_USB_Host_Library/Core/Src/usbh_ctlreq.o
 .text.USBH_ParseInterfaceDesc
                0x000000000800ab86       0x5e ./Middlewares/ST/STM32_USB_Host_Library/Core/Src/usbh_ctlreq.o
 .text.USBH_ParseEPDesc
                0x000000000800abe4       0x5a ./Middlewares/ST/STM32_USB_Host_Library/Core/Src/usbh_ctlreq.o
 .text.USBH_ParseStringDesc
                0x000000000800ac3e       0x66 ./Middlewares/ST/STM32_USB_Host_Library/Core/Src/usbh_ctlreq.o
 .text.USBH_GetNextDesc
                0x000000000800aca4       0x36 ./Middlewares/ST/STM32_USB_Host_Library/Core/Src/usbh_ctlreq.o
                0x000000000800aca4                USBH_GetNextDesc
 .text.USBH_CtlReq
                0x000000000800acda       0xb2 ./Middlewares/ST/STM32_USB_Host_Library/Core/Src/usbh_ctlreq.o
                0x000000000800acda                USBH_CtlReq
 .text.USBH_HandleControl
                0x000000000800ad8c      0x490 ./Middlewares/ST/STM32_USB_Host_Library/Core/Src/usbh_ctlreq.o
 .text.USBH_CtlSendSetup
                0x000000000800b21c       0x34 ./Middlewares/ST/STM32_USB_Host_Library/Core/Src/usbh_ioreq.o
                0x000000000800b21c                USBH_CtlSendSetup
 .text.USBH_CtlSendData
                0x000000000800b250       0x4a ./Middlewares/ST/STM32_USB_Host_Library/Core/Src/usbh_ioreq.o
                0x000000000800b250                USBH_CtlSendData
 .text.USBH_CtlReceiveData
                0x000000000800b29a       0x3c ./Middlewares/ST/STM32_USB_Host_Library/Core/Src/usbh_ioreq.o
                0x000000000800b29a                USBH_CtlReceiveData
 .text.USBH_BulkSendData
                0x000000000800b2d6       0x4a ./Middlewares/ST/STM32_USB_Host_Library/Core/Src/usbh_ioreq.o
                0x000000000800b2d6                USBH_BulkSendData
 .text.USBH_BulkReceiveData
                0x000000000800b320       0x3c ./Middlewares/ST/STM32_USB_Host_Library/Core/Src/usbh_ioreq.o
                0x000000000800b320                USBH_BulkReceiveData
 .text.USBH_OpenPipe
                0x000000000800b35c       0x3e ./Middlewares/ST/STM32_USB_Host_Library/Core/Src/usbh_pipes.o
                0x000000000800b35c                USBH_OpenPipe
 .text.USBH_ClosePipe
                0x000000000800b39a       0x20 ./Middlewares/ST/STM32_USB_Host_Library/Core/Src/usbh_pipes.o
                0x000000000800b39a                USBH_ClosePipe
 .text.USBH_AllocPipe
                0x000000000800b3ba       0x42 ./Middlewares/ST/STM32_USB_Host_Library/Core/Src/usbh_pipes.o
                0x000000000800b3ba                USBH_AllocPipe
 .text.USBH_FreePipe
                0x000000000800b3fc       0x3c ./Middlewares/ST/STM32_USB_Host_Library/Core/Src/usbh_pipes.o
                0x000000000800b3fc                USBH_FreePipe
 .text.USBH_GetFreePipe
                0x000000000800b438       0x48 ./Middlewares/ST/STM32_USB_Host_Library/Core/Src/usbh_pipes.o
 .text.makeFreeRtosPriority
                0x000000000800b480       0x30 ./Middlewares/Third_Party/FreeRTOS/Source/CMSIS_RTOS/cmsis_os.o
 .text.inHandlerMode
                0x000000000800b4b0       0x24 ./Middlewares/Third_Party/FreeRTOS/Source/CMSIS_RTOS/cmsis_os.o
 .text.osKernelStart
                0x000000000800b4d4        0xe ./Middlewares/Third_Party/FreeRTOS/Source/CMSIS_RTOS/cmsis_os.o
                0x000000000800b4d4                osKernelStart
 .text.osThreadCreate
                0x000000000800b4e2       0x98 ./Middlewares/Third_Party/FreeRTOS/Source/CMSIS_RTOS/cmsis_os.o
                0x000000000800b4e2                osThreadCreate
 .text.osDelay  0x000000000800b57a       0x28 ./Middlewares/Third_Party/FreeRTOS/Source/CMSIS_RTOS/cmsis_os.o
                0x000000000800b57a                osDelay
 *fill*         0x000000000800b5a2        0x2 
 .text.osTimerCreate
                0x000000000800b5a4       0x68 ./Middlewares/Third_Party/FreeRTOS/Source/CMSIS_RTOS/cmsis_os.o
                0x000000000800b5a4                osTimerCreate
 .text.osMessageCreate
                0x000000000800b60c       0x50 ./Middlewares/Third_Party/FreeRTOS/Source/CMSIS_RTOS/cmsis_os.o
                0x000000000800b60c                osMessageCreate
 .text.osMessagePut
                0x000000000800b65c       0x80 ./Middlewares/Third_Party/FreeRTOS/Source/CMSIS_RTOS/cmsis_os.o
                0x000000000800b65c                osMessagePut
 .text.osMessageGet
                0x000000000800b6dc       0xe8 ./Middlewares/Third_Party/FreeRTOS/Source/CMSIS_RTOS/cmsis_os.o
                0x000000000800b6dc                osMessageGet
 .text.vListInitialise
                0x000000000800b7c4       0x40 ./Middlewares/Third_Party/FreeRTOS/Source/list.o
                0x000000000800b7c4                vListInitialise
 .text.vListInitialiseItem
                0x000000000800b804       0x1a ./Middlewares/Third_Party/FreeRTOS/Source/list.o
                0x000000000800b804                vListInitialiseItem
 .text.vListInsertEnd
                0x000000000800b81e       0x48 ./Middlewares/Third_Party/FreeRTOS/Source/list.o
                0x000000000800b81e                vListInsertEnd
 .text.vListInsert
                0x000000000800b866       0x72 ./Middlewares/Third_Party/FreeRTOS/Source/list.o
                0x000000000800b866                vListInsert
 .text.uxListRemove
                0x000000000800b8d8       0x54 ./Middlewares/Third_Party/FreeRTOS/Source/list.o
                0x000000000800b8d8                uxListRemove
 .text.xQueueGenericReset
                0x000000000800b92c       0xd0 ./Middlewares/Third_Party/FreeRTOS/Source/queue.o
                0x000000000800b92c                xQueueGenericReset
 .text.xQueueGenericCreateStatic
                0x000000000800b9fc       0xf0 ./Middlewares/Third_Party/FreeRTOS/Source/queue.o
                0x000000000800b9fc                xQueueGenericCreateStatic
 .text.xQueueGenericCreate
                0x000000000800baec       0x74 ./Middlewares/Third_Party/FreeRTOS/Source/queue.o
                0x000000000800baec                xQueueGenericCreate
 .text.prvInitialiseNewQueue
                0x000000000800bb60       0x3e ./Middlewares/Third_Party/FreeRTOS/Source/queue.o
 *fill*         0x000000000800bb9e        0x2 
 .text.xQueueGenericSend
                0x000000000800bba0      0x1fc ./Middlewares/Third_Party/FreeRTOS/Source/queue.o
                0x000000000800bba0                xQueueGenericSend
 .text.xQueueGenericSendFromISR
                0x000000000800bd9c      0x136 ./Middlewares/Third_Party/FreeRTOS/Source/queue.o
                0x000000000800bd9c                xQueueGenericSendFromISR
 *fill*         0x000000000800bed2        0x2 
 .text.xQueueReceive
                0x000000000800bed4      0x1c0 ./Middlewares/Third_Party/FreeRTOS/Source/queue.o
                0x000000000800bed4                xQueueReceive
 .text.xQueueReceiveFromISR
                0x000000000800c094      0x100 ./Middlewares/Third_Party/FreeRTOS/Source/queue.o
                0x000000000800c094                xQueueReceiveFromISR
 .text.prvCopyDataToQueue
                0x000000000800c194       0xd4 ./Middlewares/Third_Party/FreeRTOS/Source/queue.o
 .text.prvCopyDataFromQueue
                0x000000000800c268       0x4c ./Middlewares/Third_Party/FreeRTOS/Source/queue.o
 .text.prvUnlockQueue
                0x000000000800c2b4       0xa4 ./Middlewares/Third_Party/FreeRTOS/Source/queue.o
 .text.prvIsQueueEmpty
                0x000000000800c358       0x2c ./Middlewares/Third_Party/FreeRTOS/Source/queue.o
 .text.prvIsQueueFull
                0x000000000800c384       0x30 ./Middlewares/Third_Party/FreeRTOS/Source/queue.o
 .text.vQueueAddToRegistry
                0x000000000800c3b4       0x54 ./Middlewares/Third_Party/FreeRTOS/Source/queue.o
                0x000000000800c3b4                vQueueAddToRegistry
 .text.vQueueWaitForMessageRestricted
                0x000000000800c408       0x68 ./Middlewares/Third_Party/FreeRTOS/Source/queue.o
                0x000000000800c408                vQueueWaitForMessageRestricted
 .text.xTaskCreateStatic
                0x000000000800c470       0xba ./Middlewares/Third_Party/FreeRTOS/Source/tasks.o
                0x000000000800c470                xTaskCreateStatic
 .text.xTaskCreate
                0x000000000800c52a       0x8a ./Middlewares/Third_Party/FreeRTOS/Source/tasks.o
                0x000000000800c52a                xTaskCreate
 .text.prvInitialiseNewTask
                0x000000000800c5b4      0x13c ./Middlewares/Third_Party/FreeRTOS/Source/tasks.o
 .text.prvAddNewTaskToReadyList
                0x000000000800c6f0       0xd4 ./Middlewares/Third_Party/FreeRTOS/Source/tasks.o
 .text.vTaskDelay
                0x000000000800c7c4       0x68 ./Middlewares/Third_Party/FreeRTOS/Source/tasks.o
                0x000000000800c7c4                vTaskDelay
 .text.vTaskStartScheduler
                0x000000000800c82c       0xe0 ./Middlewares/Third_Party/FreeRTOS/Source/tasks.o
                0x000000000800c82c                vTaskStartScheduler
 .text.vTaskSuspendAll
                0x000000000800c90c       0x1c ./Middlewares/Third_Party/FreeRTOS/Source/tasks.o
                0x000000000800c90c                vTaskSuspendAll
 .text.xTaskResumeAll
                0x000000000800c928      0x138 ./Middlewares/Third_Party/FreeRTOS/Source/tasks.o
                0x000000000800c928                xTaskResumeAll
 .text.xTaskGetTickCount
                0x000000000800ca60       0x20 ./Middlewares/Third_Party/FreeRTOS/Source/tasks.o
                0x000000000800ca60                xTaskGetTickCount
 .text.xTaskIncrementTick
                0x000000000800ca80      0x170 ./Middlewares/Third_Party/FreeRTOS/Source/tasks.o
                0x000000000800ca80                xTaskIncrementTick
 .text.vTaskSwitchContext
                0x000000000800cbf0       0xc4 ./Middlewares/Third_Party/FreeRTOS/Source/tasks.o
                0x000000000800cbf0                vTaskSwitchContext
 .text.vTaskPlaceOnEventList
                0x000000000800ccb4       0x48 ./Middlewares/Third_Party/FreeRTOS/Source/tasks.o
                0x000000000800ccb4                vTaskPlaceOnEventList
 .text.vTaskPlaceOnEventListRestricted
                0x000000000800ccfc       0x58 ./Middlewares/Third_Party/FreeRTOS/Source/tasks.o
                0x000000000800ccfc                vTaskPlaceOnEventListRestricted
 .text.xTaskRemoveFromEventList
                0x000000000800cd54       0xc4 ./Middlewares/Third_Party/FreeRTOS/Source/tasks.o
                0x000000000800cd54                xTaskRemoveFromEventList
 .text.vTaskInternalSetTimeOutState
                0x000000000800ce18       0x2c ./Middlewares/Third_Party/FreeRTOS/Source/tasks.o
                0x000000000800ce18                vTaskInternalSetTimeOutState
 .text.xTaskCheckForTimeOut
                0x000000000800ce44       0xc4 ./Middlewares/Third_Party/FreeRTOS/Source/tasks.o
                0x000000000800ce44                xTaskCheckForTimeOut
 .text.vTaskMissedYield
                0x000000000800cf08       0x18 ./Middlewares/Third_Party/FreeRTOS/Source/tasks.o
                0x000000000800cf08                vTaskMissedYield
 .text.prvIdleTask
                0x000000000800cf20       0x30 ./Middlewares/Third_Party/FreeRTOS/Source/tasks.o
 .text.prvInitialiseTaskLists
                0x000000000800cf50       0x80 ./Middlewares/Third_Party/FreeRTOS/Source/tasks.o
 .text.prvCheckTasksWaitingTermination
                0x000000000800cfd0       0x5c ./Middlewares/Third_Party/FreeRTOS/Source/tasks.o
 .text.prvDeleteTCB
                0x000000000800d02c       0x68 ./Middlewares/Third_Party/FreeRTOS/Source/tasks.o
 .text.prvResetNextTaskUnblockTime
                0x000000000800d094       0x40 ./Middlewares/Third_Party/FreeRTOS/Source/tasks.o
 .text.xTaskGetSchedulerState
                0x000000000800d0d4       0x3c ./Middlewares/Third_Party/FreeRTOS/Source/tasks.o
                0x000000000800d0d4                xTaskGetSchedulerState
 .text.xTaskPriorityDisinherit
                0x000000000800d110      0x10c ./Middlewares/Third_Party/FreeRTOS/Source/tasks.o
                0x000000000800d110                xTaskPriorityDisinherit
 .text.prvAddCurrentTaskToDelayedList
                0x000000000800d21c       0xcc ./Middlewares/Third_Party/FreeRTOS/Source/tasks.o
 .text.xTimerCreateTimerTask
                0x000000000800d2e8       0x90 ./Middlewares/Third_Party/FreeRTOS/Source/timers.o
                0x000000000800d2e8                xTimerCreateTimerTask
 .text.xTimerCreate
                0x000000000800d378       0x42 ./Middlewares/Third_Party/FreeRTOS/Source/timers.o
                0x000000000800d378                xTimerCreate
 .text.xTimerCreateStatic
                0x000000000800d3ba       0x7c ./Middlewares/Third_Party/FreeRTOS/Source/timers.o
                0x000000000800d3ba                xTimerCreateStatic
 .text.prvInitialiseNewTimer
                0x000000000800d436       0x76 ./Middlewares/Third_Party/FreeRTOS/Source/timers.o
 .text.xTimerGenericCommand
                0x000000000800d4ac       0x9c ./Middlewares/Third_Party/FreeRTOS/Source/timers.o
                0x000000000800d4ac                xTimerGenericCommand
 .text.prvProcessExpiredTimer
                0x000000000800d548       0x98 ./Middlewares/Third_Party/FreeRTOS/Source/timers.o
 .text.prvTimerTask
                0x000000000800d5e0       0x24 ./Middlewares/Third_Party/FreeRTOS/Source/timers.o
 .text.prvProcessTimerOrBlockTask
                0x000000000800d604       0x9c ./Middlewares/Third_Party/FreeRTOS/Source/timers.o
 .text.prvGetNextExpireTime
                0x000000000800d6a0       0x48 ./Middlewares/Third_Party/FreeRTOS/Source/timers.o
 .text.prvSampleTimeNow
                0x000000000800d6e8       0x40 ./Middlewares/Third_Party/FreeRTOS/Source/timers.o
 .text.prvInsertTimerInActiveList
                0x000000000800d728       0x84 ./Middlewares/Third_Party/FreeRTOS/Source/timers.o
 .text.prvProcessReceivedCommands
                0x000000000800d7ac      0x18c ./Middlewares/Third_Party/FreeRTOS/Source/timers.o
 .text.prvSwitchTimerLists
                0x000000000800d938       0xc8 ./Middlewares/Third_Party/FreeRTOS/Source/timers.o
 .text.prvCheckForValidListAndQueue
                0x000000000800da00       0x80 ./Middlewares/Third_Party/FreeRTOS/Source/timers.o
 .text.pxPortInitialiseStack
                0x000000000800da80       0x68 ./Middlewares/Third_Party/FreeRTOS/Source/portable/GCC/ARM_CM4F/port.o
                0x000000000800da80                pxPortInitialiseStack
 .text.prvTaskExitError
                0x000000000800dae8       0x58 ./Middlewares/Third_Party/FreeRTOS/Source/portable/GCC/ARM_CM4F/port.o
 .text.SVC_Handler
                0x000000000800db40       0x28 ./Middlewares/Third_Party/FreeRTOS/Source/portable/GCC/ARM_CM4F/port.o
                0x000000000800db40                SVC_Handler
 .text.prvPortStartFirstTask
                0x000000000800db68       0x28 ./Middlewares/Third_Party/FreeRTOS/Source/portable/GCC/ARM_CM4F/port.o
 .text.xPortStartScheduler
                0x000000000800db90      0x144 ./Middlewares/Third_Party/FreeRTOS/Source/portable/GCC/ARM_CM4F/port.o
                0x000000000800db90                xPortStartScheduler
 .text.vPortEnterCritical
                0x000000000800dcd4       0x60 ./Middlewares/Third_Party/FreeRTOS/Source/portable/GCC/ARM_CM4F/port.o
                0x000000000800dcd4                vPortEnterCritical
 .text.vPortExitCritical
                0x000000000800dd34       0x54 ./Middlewares/Third_Party/FreeRTOS/Source/portable/GCC/ARM_CM4F/port.o
                0x000000000800dd34                vPortExitCritical
 *fill*         0x000000000800dd88        0x8 
 .text.PendSV_Handler
                0x000000000800dd90       0x68 ./Middlewares/Third_Party/FreeRTOS/Source/portable/GCC/ARM_CM4F/port.o
                0x000000000800dd90                PendSV_Handler
 .text.SysTick_Handler
                0x000000000800ddf8       0x44 ./Middlewares/Third_Party/FreeRTOS/Source/portable/GCC/ARM_CM4F/port.o
                0x000000000800ddf8                SysTick_Handler
 .text.vPortSetupTimerInterrupt
                0x000000000800de3c       0x48 ./Middlewares/Third_Party/FreeRTOS/Source/portable/GCC/ARM_CM4F/port.o
                0x000000000800de3c                vPortSetupTimerInterrupt
 .text.vPortEnableVFP
                0x000000000800de84       0x14 ./Middlewares/Third_Party/FreeRTOS/Source/portable/GCC/ARM_CM4F/port.o
 .text.vPortValidateInterruptPriority
                0x000000000800de98       0x80 ./Middlewares/Third_Party/FreeRTOS/Source/portable/GCC/ARM_CM4F/port.o
                0x000000000800de98                vPortValidateInterruptPriority
 .text.pvPortMalloc
                0x000000000800df18      0x198 ./Middlewares/Third_Party/FreeRTOS/Source/portable/MemMang/heap_4.o
                0x000000000800df18                pvPortMalloc
 .text.vPortFree
                0x000000000800e0b0       0xc4 ./Middlewares/Third_Party/FreeRTOS/Source/portable/MemMang/heap_4.o
                0x000000000800e0b0                vPortFree
 .text.prvHeapInit
                0x000000000800e174       0xc4 ./Middlewares/Third_Party/FreeRTOS/Source/portable/MemMang/heap_4.o
 .text.prvInsertBlockIntoFreeList
                0x000000000800e238       0xb4 ./Middlewares/Third_Party/FreeRTOS/Source/portable/MemMang/heap_4.o
 .text.MX_USB_HOST_Init
                0x000000000800e2ec       0x4c ./USB_HOST/App/usb_host.o
                0x000000000800e2ec                MX_USB_HOST_Init
 .text.USBH_UserProcess
                0x000000000800e338       0x5c ./USB_HOST/App/usb_host.o
 .text.HAL_HCD_MspInit
                0x000000000800e394       0xc4 ./USB_HOST/Target/usbh_conf.o
                0x000000000800e394                HAL_HCD_MspInit
 .text.HAL_HCD_SOF_Callback
                0x000000000800e458       0x1c ./USB_HOST/Target/usbh_conf.o
                0x000000000800e458                HAL_HCD_SOF_Callback
 .text.HAL_HCD_Connect_Callback
                0x000000000800e474       0x1c ./USB_HOST/Target/usbh_conf.o
                0x000000000800e474                HAL_HCD_Connect_Callback
 .text.HAL_HCD_Disconnect_Callback
                0x000000000800e490       0x1c ./USB_HOST/Target/usbh_conf.o
                0x000000000800e490                HAL_HCD_Disconnect_Callback
 .text.HAL_HCD_HC_NotifyURBChange_Callback
                0x000000000800e4ac       0x24 ./USB_HOST/Target/usbh_conf.o
                0x000000000800e4ac                HAL_HCD_HC_NotifyURBChange_Callback
 .text.HAL_HCD_PortEnabled_Callback
                0x000000000800e4d0       0x1c ./USB_HOST/Target/usbh_conf.o
                0x000000000800e4d0                HAL_HCD_PortEnabled_Callback
 .text.HAL_HCD_PortDisabled_Callback
                0x000000000800e4ec       0x1c ./USB_HOST/Target/usbh_conf.o
                0x000000000800e4ec                HAL_HCD_PortDisabled_Callback
 .text.USBH_LL_Init
                0x000000000800e508       0x78 ./USB_HOST/Target/usbh_conf.o
                0x000000000800e508                USBH_LL_Init
 .text.USBH_LL_Start
                0x000000000800e580       0x36 ./USB_HOST/Target/usbh_conf.o
                0x000000000800e580                USBH_LL_Start
 .text.USBH_LL_Stop
                0x000000000800e5b6       0x36 ./USB_HOST/Target/usbh_conf.o
                0x000000000800e5b6                USBH_LL_Stop
 .text.USBH_LL_GetSpeed
                0x000000000800e5ec       0x4e ./USB_HOST/Target/usbh_conf.o
                0x000000000800e5ec                USBH_LL_GetSpeed
 .text.USBH_LL_ResetPort
                0x000000000800e63a       0x36 ./USB_HOST/Target/usbh_conf.o
                0x000000000800e63a                USBH_LL_ResetPort
 .text.USBH_LL_GetLastXferSize
                0x000000000800e670       0x26 ./USB_HOST/Target/usbh_conf.o
                0x000000000800e670                USBH_LL_GetLastXferSize
 .text.USBH_LL_OpenPipe
                0x000000000800e696       0x5e ./USB_HOST/Target/usbh_conf.o
                0x000000000800e696                USBH_LL_OpenPipe
 .text.USBH_LL_ClosePipe
                0x000000000800e6f4       0x3e ./USB_HOST/Target/usbh_conf.o
                0x000000000800e6f4                USBH_LL_ClosePipe
 .text.USBH_LL_SubmitURB
                0x000000000800e732       0x62 ./USB_HOST/Target/usbh_conf.o
                0x000000000800e732                USBH_LL_SubmitURB
 .text.USBH_LL_GetURBState
                0x000000000800e794       0x26 ./USB_HOST/Target/usbh_conf.o
                0x000000000800e794                USBH_LL_GetURBState
 .text.USBH_LL_DriverVBUS
                0x000000000800e7ba       0x2e ./USB_HOST/Target/usbh_conf.o
                0x000000000800e7ba                USBH_LL_DriverVBUS
 .text.USBH_LL_SetToggle
                0x000000000800e7e8       0x60 ./USB_HOST/Target/usbh_conf.o
                0x000000000800e7e8                USBH_LL_SetToggle
 .text.USBH_Delay
                0x000000000800e848       0x16 ./USB_HOST/Target/usbh_conf.o
                0x000000000800e848                USBH_Delay
 *fill*         0x000000000800e85e        0x2 
 .text.USBH_Get_USB_Status
                0x000000000800e860       0x58 ./USB_HOST/Target/usbh_conf.o
                0x000000000800e860                USBH_Get_USB_Status
 .text.MX_DriverVbusFS
                0x000000000800e8b8       0x38 ./USB_HOST/Target/usbh_platform.o
                0x000000000800e8b8                MX_DriverVbusFS
 .text.__errno  0x000000000800e8f0        0xc c:/st/stm32cubeide_1.7.0/stm32cubeide/plugins/com.st.stm32cube.ide.mcu.externaltools.gnu-tools-for-stm32.9-2020-q2-update.win32_2.0.0.202105311346/tools/bin/../lib/gcc/arm-none-eabi/9.3.1/../../../../arm-none-eabi/lib/thumb/v7e-m+fp/hard\libc_nano.a(lib_a-errno.o)
                0x000000000800e8f0                __errno
 .text.__libc_init_array
                0x000000000800e8fc       0x48 c:/st/stm32cubeide_1.7.0/stm32cubeide/plugins/com.st.stm32cube.ide.mcu.externaltools.gnu-tools-for-stm32.9-2020-q2-update.win32_2.0.0.202105311346/tools/bin/../lib/gcc/arm-none-eabi/9.3.1/../../../../arm-none-eabi/lib/thumb/v7e-m+fp/hard\libc_nano.a(lib_a-init.o)
                0x000000000800e8fc                __libc_init_array
 .text.__retarget_lock_acquire_recursive
                0x000000000800e944        0x2 c:/st/stm32cubeide_1.7.0/stm32cubeide/plugins/com.st.stm32cube.ide.mcu.externaltools.gnu-tools-for-stm32.9-2020-q2-update.win32_2.0.0.202105311346/tools/bin/../lib/gcc/arm-none-eabi/9.3.1/../../../../arm-none-eabi/lib/thumb/v7e-m+fp/hard\libc_nano.a(lib_a-lock.o)
                0x000000000800e944                __retarget_lock_acquire_recursive
 .text.__retarget_lock_release_recursive
                0x000000000800e946        0x2 c:/st/stm32cubeide_1.7.0/stm32cubeide/plugins/com.st.stm32cube.ide.mcu.externaltools.gnu-tools-for-stm32.9-2020-q2-update.win32_2.0.0.202105311346/tools/bin/../lib/gcc/arm-none-eabi/9.3.1/../../../../arm-none-eabi/lib/thumb/v7e-m+fp/hard\libc_nano.a(lib_a-lock.o)
                0x000000000800e946                __retarget_lock_release_recursive
 .text.malloc   0x000000000800e948       0x10 c:/st/stm32cubeide_1.7.0/stm32cubeide/plugins/com.st.stm32cube.ide.mcu.externaltools.gnu-tools-for-stm32.9-2020-q2-update.win32_2.0.0.202105311346/tools/bin/../lib/gcc/arm-none-eabi/9.3.1/../../../../arm-none-eabi/lib/thumb/v7e-m+fp/hard\libc_nano.a(lib_a-malloc.o)
                0x000000000800e948                malloc
 .text.free     0x000000000800e958       0x10 c:/st/stm32cubeide_1.7.0/stm32cubeide/plugins/com.st.stm32cube.ide.mcu.externaltools.gnu-tools-for-stm32.9-2020-q2-update.win32_2.0.0.202105311346/tools/bin/../lib/gcc/arm-none-eabi/9.3.1/../../../../arm-none-eabi/lib/thumb/v7e-m+fp/hard\libc_nano.a(lib_a-malloc.o)
                0x000000000800e958                free
 .text.memcpy   0x000000000800e968       0x1c c:/st/stm32cubeide_1.7.0/stm32cubeide/plugins/com.st.stm32cube.ide.mcu.externaltools.gnu-tools-for-stm32.9-2020-q2-update.win32_2.0.0.202105311346/tools/bin/../lib/gcc/arm-none-eabi/9.3.1/../../../../arm-none-eabi/lib/thumb/v7e-m+fp/hard\libc_nano.a(lib_a-memcpy-stub.o)
                0x000000000800e968                memcpy
 .text.memset   0x000000000800e984       0x10 c:/st/stm32cubeide_1.7.0/stm32cubeide/plugins/com.st.stm32cube.ide.mcu.externaltools.gnu-tools-for-stm32.9-2020-q2-update.win32_2.0.0.202105311346/tools/bin/../lib/gcc/arm-none-eabi/9.3.1/../../../../arm-none-eabi/lib/thumb/v7e-m+fp/hard\libc_nano.a(lib_a-memset.o)
                0x000000000800e984                memset
 .text._free_r  0x000000000800e994       0xa0 c:/st/stm32cubeide_1.7.0/stm32cubeide/plugins/com.st.stm32cube.ide.mcu.externaltools.gnu-tools-for-stm32.9-2020-q2-update.win32_2.0.0.202105311346/tools/bin/../lib/gcc/arm-none-eabi/9.3.1/../../../../arm-none-eabi/lib/thumb/v7e-m+fp/hard\libc_nano.a(lib_a-nano-freer.o)
                0x000000000800e994                _free_r
 .text._malloc_r
                0x000000000800ea34       0xb4 c:/st/stm32cubeide_1.7.0/stm32cubeide/plugins/com.st.stm32cube.ide.mcu.externaltools.gnu-tools-for-stm32.9-2020-q2-update.win32_2.0.0.202105311346/tools/bin/../lib/gcc/arm-none-eabi/9.3.1/../../../../arm-none-eabi/lib/thumb/v7e-m+fp/hard\libc_nano.a(lib_a-nano-mallocr.o)
                0x000000000800ea34                _malloc_r
 .text.cleanup_glue
                0x000000000800eae8       0x1a c:/st/stm32cubeide_1.7.0/stm32cubeide/plugins/com.st.stm32cube.ide.mcu.externaltools.gnu-tools-for-stm32.9-2020-q2-update.win32_2.0.0.202105311346/tools/bin/../lib/gcc/arm-none-eabi/9.3.1/../../../../arm-none-eabi/lib/thumb/v7e-m+fp/hard\libc_nano.a(lib_a-reent.o)
                0x000000000800eae8                cleanup_glue
 *fill*         0x000000000800eb02        0x2 
 .text._reclaim_reent
                0x000000000800eb04       0xb8 c:/st/stm32cubeide_1.7.0/stm32cubeide/plugins/com.st.stm32cube.ide.mcu.externaltools.gnu-tools-for-stm32.9-2020-q2-update.win32_2.0.0.202105311346/tools/bin/../lib/gcc/arm-none-eabi/9.3.1/../../../../arm-none-eabi/lib/thumb/v7e-m+fp/hard\libc_nano.a(lib_a-reent.o)
                0x000000000800eb04                _reclaim_reent
 .text._sbrk_r  0x000000000800ebbc       0x20 c:/st/stm32cubeide_1.7.0/stm32cubeide/plugins/com.st.stm32cube.ide.mcu.externaltools.gnu-tools-for-stm32.9-2020-q2-update.win32_2.0.0.202105311346/tools/bin/../lib/gcc/arm-none-eabi/9.3.1/../../../../arm-none-eabi/lib/thumb/v7e-m+fp/hard\libc_nano.a(lib_a-sbrkr.o)
                0x000000000800ebbc                _sbrk_r
 .text.sprintf  0x000000000800ebdc       0x40 c:/st/stm32cubeide_1.7.0/stm32cubeide/plugins/com.st.stm32cube.ide.mcu.externaltools.gnu-tools-for-stm32.9-2020-q2-update.win32_2.0.0.202105311346/tools/bin/../lib/gcc/arm-none-eabi/9.3.1/../../../../arm-none-eabi/lib/thumb/v7e-m+fp/hard\libc_nano.a(lib_a-sprintf.o)
                0x000000000800ebdc                siprintf
                0x000000000800ebdc                sprintf
 .text.__malloc_lock
                0x000000000800ec1c        0xc c:/st/stm32cubeide_1.7.0/stm32cubeide/plugins/com.st.stm32cube.ide.mcu.externaltools.gnu-tools-for-stm32.9-2020-q2-update.win32_2.0.0.202105311346/tools/bin/../lib/gcc/arm-none-eabi/9.3.1/../../../../arm-none-eabi/lib/thumb/v7e-m+fp/hard\libc_nano.a(lib_a-mlock.o)
                0x000000000800ec1c                __malloc_lock
 .text.__malloc_unlock
                0x000000000800ec28        0xc c:/st/stm32cubeide_1.7.0/stm32cubeide/plugins/com.st.stm32cube.ide.mcu.externaltools.gnu-tools-for-stm32.9-2020-q2-update.win32_2.0.0.202105311346/tools/bin/../lib/gcc/arm-none-eabi/9.3.1/../../../../arm-none-eabi/lib/thumb/v7e-m+fp/hard\libc_nano.a(lib_a-mlock.o)
                0x000000000800ec28                __malloc_unlock
 .text.__ssputs_r
                0x000000000800ec34       0xb6 c:/st/stm32cubeide_1.7.0/stm32cubeide/plugins/com.st.stm32cube.ide.mcu.externaltools.gnu-tools-for-stm32.9-2020-q2-update.win32_2.0.0.202105311346/tools/bin/../lib/gcc/arm-none-eabi/9.3.1/../../../../arm-none-eabi/lib/thumb/v7e-m+fp/hard\libc_nano.a(lib_a-nano-svfprintf.o)
                0x000000000800ec34                __ssputs_r
 *fill*         0x000000000800ecea        0x2 
 .text._svfprintf_r
                0x000000000800ecec      0x200 c:/st/stm32cubeide_1.7.0/stm32cubeide/plugins/com.st.stm32cube.ide.mcu.externaltools.gnu-tools-for-stm32.9-2020-q2-update.win32_2.0.0.202105311346/tools/bin/../lib/gcc/arm-none-eabi/9.3.1/../../../../arm-none-eabi/lib/thumb/v7e-m+fp/hard\libc_nano.a(lib_a-nano-svfprintf.o)
                0x000000000800ecec                _svfiprintf_r
                0x000000000800ecec                _svfprintf_r
 .text._printf_common
                0x000000000800eeec       0xda c:/st/stm32cubeide_1.7.0/stm32cubeide/plugins/com.st.stm32cube.ide.mcu.externaltools.gnu-tools-for-stm32.9-2020-q2-update.win32_2.0.0.202105311346/tools/bin/../lib/gcc/arm-none-eabi/9.3.1/../../../../arm-none-eabi/lib/thumb/v7e-m+fp/hard\libc_nano.a(lib_a-nano-vfprintf_i.o)
                0x000000000800eeec                _printf_common
 *fill*         0x000000000800efc6        0x2 
 .text._printf_i
                0x000000000800efc8      0x24c c:/st/stm32cubeide_1.7.0/stm32cubeide/plugins/com.st.stm32cube.ide.mcu.externaltools.gnu-tools-for-stm32.9-2020-q2-update.win32_2.0.0.202105311346/tools/bin/../lib/gcc/arm-none-eabi/9.3.1/../../../../arm-none-eabi/lib/thumb/v7e-m+fp/hard\libc_nano.a(lib_a-nano-vfprintf_i.o)
                0x000000000800efc8                _printf_i
 .text.memmove  0x000000000800f214       0x34 c:/st/stm32cubeide_1.7.0/stm32cubeide/plugins/com.st.stm32cube.ide.mcu.externaltools.gnu-tools-for-stm32.9-2020-q2-update.win32_2.0.0.202105311346/tools/bin/../lib/gcc/arm-none-eabi/9.3.1/../../../../arm-none-eabi/lib/thumb/v7e-m+fp/hard\libc_nano.a(lib_a-memmove.o)
                0x000000000800f214                memmove
 .text._realloc_r
                0x000000000800f248       0x4c c:/st/stm32cubeide_1.7.0/stm32cubeide/plugins/com.st.stm32cube.ide.mcu.externaltools.gnu-tools-for-stm32.9-2020-q2-update.win32_2.0.0.202105311346/tools/bin/../lib/gcc/arm-none-eabi/9.3.1/../../../../arm-none-eabi/lib/thumb/v7e-m+fp/hard\libc_nano.a(lib_a-nano-reallocr.o)
                0x000000000800f248                _realloc_r
 .text._malloc_usable_size_r
                0x000000000800f294       0x10 c:/st/stm32cubeide_1.7.0/stm32cubeide/plugins/com.st.stm32cube.ide.mcu.externaltools.gnu-tools-for-stm32.9-2020-q2-update.win32_2.0.0.202105311346/tools/bin/../lib/gcc/arm-none-eabi/9.3.1/../../../../arm-none-eabi/lib/thumb/v7e-m+fp/hard\libc_nano.a(lib_a-nano-msizer.o)
                0x000000000800f294                _malloc_usable_size_r
 *(.glue_7)
 .glue_7        0x000000000800f2a4        0x0 linker stubs
 *(.glue_7t)
 .glue_7t       0x000000000800f2a4        0x0 linker stubs
 *(.eh_frame)
 .eh_frame      0x000000000800f2a4        0x0 c:/st/stm32cubeide_1.7.0/stm32cubeide/plugins/com.st.stm32cube.ide.mcu.externaltools.gnu-tools-for-stm32.9-2020-q2-update.win32_2.0.0.202105311346/tools/bin/../lib/gcc/arm-none-eabi/9.3.1/thumb/v7e-m+fp/hard/crtbegin.o
 *(.init)
 .init          0x000000000800f2a4        0x4 c:/st/stm32cubeide_1.7.0/stm32cubeide/plugins/com.st.stm32cube.ide.mcu.externaltools.gnu-tools-for-stm32.9-2020-q2-update.win32_2.0.0.202105311346/tools/bin/../lib/gcc/arm-none-eabi/9.3.1/thumb/v7e-m+fp/hard/crti.o
                0x000000000800f2a4                _init
 .init          0x000000000800f2a8        0x8 c:/st/stm32cubeide_1.7.0/stm32cubeide/plugins/com.st.stm32cube.ide.mcu.externaltools.gnu-tools-for-stm32.9-2020-q2-update.win32_2.0.0.202105311346/tools/bin/../lib/gcc/arm-none-eabi/9.3.1/thumb/v7e-m+fp/hard/crtn.o
 *(.fini)
 .fini          0x000000000800f2b0        0x4 c:/st/stm32cubeide_1.7.0/stm32cubeide/plugins/com.st.stm32cube.ide.mcu.externaltools.gnu-tools-for-stm32.9-2020-q2-update.win32_2.0.0.202105311346/tools/bin/../lib/gcc/arm-none-eabi/9.3.1/thumb/v7e-m+fp/hard/crti.o
                0x000000000800f2b0                _fini
 .fini          0x000000000800f2b4        0x8 c:/st/stm32cubeide_1.7.0/stm32cubeide/plugins/com.st.stm32cube.ide.mcu.externaltools.gnu-tools-for-stm32.9-2020-q2-update.win32_2.0.0.202105311346/tools/bin/../lib/gcc/arm-none-eabi/9.3.1/thumb/v7e-m+fp/hard/crtn.o
                0x000000000800f2bc                . = ALIGN (0x4)
                0x000000000800f2bc                _etext = .

.vfp11_veneer   0x000000000800f2bc        0x0
 .vfp11_veneer  0x000000000800f2bc        0x0 linker stubs

.v4_bx          0x000000000800f2bc        0x0
 .v4_bx         0x000000000800f2bc        0x0 linker stubs

.iplt           0x000000000800f2bc        0x0
 .iplt          0x000000000800f2bc        0x0 c:/st/stm32cubeide_1.7.0/stm32cubeide/plugins/com.st.stm32cube.ide.mcu.externaltools.gnu-tools-for-stm32.9-2020-q2-update.win32_2.0.0.202105311346/tools/bin/../lib/gcc/arm-none-eabi/9.3.1/thumb/v7e-m+fp/hard/crtbegin.o

.rodata         0x000000000800f2bc      0x1fc
                0x000000000800f2bc                . = ALIGN (0x4)
 *(.rodata)
 .rodata        0x000000000800f2bc       0xef ./Core/Src/main.o
 *fill*         0x000000000800f3ab        0x1 
 .rodata        0x000000000800f3ac        0x4 ./Middlewares/ST/STM32_USB_Host_Library/Class/CDC/Src/usbh_cdc.o
 .rodata        0x000000000800f3b0       0x38 ./Middlewares/ST/STM32_USB_Host_Library/Core/Src/usbh_core.o
 .rodata        0x000000000800f3e8        0x1 ./Middlewares/Third_Party/FreeRTOS/Source/CMSIS_RTOS/cmsis_os.o
 *fill*         0x000000000800f3e9        0x3 
 .rodata        0x000000000800f3ec        0x5 ./Middlewares/Third_Party/FreeRTOS/Source/tasks.o
 *fill*         0x000000000800f3f1        0x3 
 .rodata        0x000000000800f3f4        0xd ./Middlewares/Third_Party/FreeRTOS/Source/timers.o
 *(.rodata*)
 *fill*         0x000000000800f401        0x3 
 .rodata.AHBPrescTable
                0x000000000800f404       0x10 ./Core/Src/system_stm32f4xx.o
                0x000000000800f404                AHBPrescTable
 .rodata.APBPrescTable
                0x000000000800f414        0x8 ./Core/Src/system_stm32f4xx.o
                0x000000000800f414                APBPrescTable
 .rodata.flagBitshiftOffset.9748
                0x000000000800f41c        0x8 ./Drivers/STM32F4xx_HAL_Driver/Src/stm32f4xx_hal_dma.o
 .rodata.__sf_fake_stderr
                0x000000000800f424       0x20 c:/st/stm32cubeide_1.7.0/stm32cubeide/plugins/com.st.stm32cube.ide.mcu.externaltools.gnu-tools-for-stm32.9-2020-q2-update.win32_2.0.0.202105311346/tools/bin/../lib/gcc/arm-none-eabi/9.3.1/../../../../arm-none-eabi/lib/thumb/v7e-m+fp/hard\libc_nano.a(lib_a-findfp.o)
                0x000000000800f424                __sf_fake_stderr
 .rodata.__sf_fake_stdin
                0x000000000800f444       0x20 c:/st/stm32cubeide_1.7.0/stm32cubeide/plugins/com.st.stm32cube.ide.mcu.externaltools.gnu-tools-for-stm32.9-2020-q2-update.win32_2.0.0.202105311346/tools/bin/../lib/gcc/arm-none-eabi/9.3.1/../../../../arm-none-eabi/lib/thumb/v7e-m+fp/hard\libc_nano.a(lib_a-findfp.o)
                0x000000000800f444                __sf_fake_stdin
 .rodata.__sf_fake_stdout
                0x000000000800f464       0x20 c:/st/stm32cubeide_1.7.0/stm32cubeide/plugins/com.st.stm32cube.ide.mcu.externaltools.gnu-tools-for-stm32.9-2020-q2-update.win32_2.0.0.202105311346/tools/bin/../lib/gcc/arm-none-eabi/9.3.1/../../../../arm-none-eabi/lib/thumb/v7e-m+fp/hard\libc_nano.a(lib_a-findfp.o)
                0x000000000800f464                __sf_fake_stdout
 .rodata._svfprintf_r.str1.1
                0x000000000800f484       0x11 c:/st/stm32cubeide_1.7.0/stm32cubeide/plugins/com.st.stm32cube.ide.mcu.externaltools.gnu-tools-for-stm32.9-2020-q2-update.win32_2.0.0.202105311346/tools/bin/../lib/gcc/arm-none-eabi/9.3.1/../../../../arm-none-eabi/lib/thumb/v7e-m+fp/hard\libc_nano.a(lib_a-nano-svfprintf.o)
 .rodata._printf_i.str1.1
                0x000000000800f495       0x22 c:/st/stm32cubeide_1.7.0/stm32cubeide/plugins/com.st.stm32cube.ide.mcu.externaltools.gnu-tools-for-stm32.9-2020-q2-update.win32_2.0.0.202105311346/tools/bin/../lib/gcc/arm-none-eabi/9.3.1/../../../../arm-none-eabi/lib/thumb/v7e-m+fp/hard\libc_nano.a(lib_a-nano-vfprintf_i.o)
                0x000000000800f4b8                . = ALIGN (0x4)
 *fill*         0x000000000800f4b7        0x1 

.ARM.extab      0x000000000800f4b8        0x0
                0x000000000800f4b8                . = ALIGN (0x4)
 *(.ARM.extab* .gnu.linkonce.armextab.*)
                0x000000000800f4b8                . = ALIGN (0x4)

.ARM            0x000000000800f4b8        0x8
                0x000000000800f4b8                . = ALIGN (0x4)
                0x000000000800f4b8                __exidx_start = .
 *(.ARM.exidx*)
 .ARM.exidx     0x000000000800f4b8        0x8 c:/st/stm32cubeide_1.7.0/stm32cubeide/plugins/com.st.stm32cube.ide.mcu.externaltools.gnu-tools-for-stm32.9-2020-q2-update.win32_2.0.0.202105311346/tools/bin/../lib/gcc/arm-none-eabi/9.3.1/thumb/v7e-m+fp/hard\libgcc.a(_udivmoddi4.o)
                0x000000000800f4c0                __exidx_end = .
                0x000000000800f4c0                . = ALIGN (0x4)

.rel.dyn        0x000000000800f4c0        0x0
 .rel.iplt      0x000000000800f4c0        0x0 c:/st/stm32cubeide_1.7.0/stm32cubeide/plugins/com.st.stm32cube.ide.mcu.externaltools.gnu-tools-for-stm32.9-2020-q2-update.win32_2.0.0.202105311346/tools/bin/../lib/gcc/arm-none-eabi/9.3.1/thumb/v7e-m+fp/hard/crtbegin.o

.preinit_array  0x000000000800f4c0        0x0
                0x000000000800f4c0                . = ALIGN (0x4)
                0x000000000800f4c0                PROVIDE (__preinit_array_start = .)
 *(.preinit_array*)
                0x000000000800f4c0                PROVIDE (__preinit_array_end = .)
                0x000000000800f4c0                . = ALIGN (0x4)

.init_array     0x000000000800f4c0        0x4
                0x000000000800f4c0                . = ALIGN (0x4)
                0x000000000800f4c0                PROVIDE (__init_array_start = .)
 *(SORT_BY_NAME(.init_array.*))
 *(.init_array*)
 .init_array    0x000000000800f4c0        0x4 c:/st/stm32cubeide_1.7.0/stm32cubeide/plugins/com.st.stm32cube.ide.mcu.externaltools.gnu-tools-for-stm32.9-2020-q2-update.win32_2.0.0.202105311346/tools/bin/../lib/gcc/arm-none-eabi/9.3.1/thumb/v7e-m+fp/hard/crtbegin.o
                0x000000000800f4c4                PROVIDE (__init_array_end = .)
                0x000000000800f4c4                . = ALIGN (0x4)

.fini_array     0x000000000800f4c4        0x4
                0x000000000800f4c4                . = ALIGN (0x4)
                [!provide]                        PROVIDE (__fini_array_start = .)
 *(SORT_BY_NAME(.fini_array.*))
 *(.fini_array*)
 .fini_array    0x000000000800f4c4        0x4 c:/st/stm32cubeide_1.7.0/stm32cubeide/plugins/com.st.stm32cube.ide.mcu.externaltools.gnu-tools-for-stm32.9-2020-q2-update.win32_2.0.0.202105311346/tools/bin/../lib/gcc/arm-none-eabi/9.3.1/thumb/v7e-m+fp/hard/crtbegin.o
                [!provide]                        PROVIDE (__fini_array_end = .)
                0x000000000800f4c8                . = ALIGN (0x4)
                0x000000000800f4c8                _sidata = LOADADDR (.data)

.data           0x0000000020000000       0x94 load address 0x000000000800f4c8