main.c:120:6:HAL_CAN_RxFifo0MsgPendingCallback	16	static
main.c:134:5:main	136	static
main.c:258:6:SystemClock_Config	88	static
main.c:299:13:MX_ADC1_Init	24	static
main.c:346:13:MX_ADC2_Init	24	static
main.c:393:13:MX_ADC3_Init	24	static
main.c:440:13:MX_CAN1_Init	48	static
main.c:487:13:MX_I2C1_Init	8	static
main.c:519:13:MX_I2S3_Init	8	static
main.c:551:13:MX_SPI1_Init	8	static
main.c:587:13:MX_USART2_UART_Init	8	static
main.c:616:13:MX_DMA_Init	16	static
main.c:639:13:MX_GPIO_Init	56	static
main.c:743:13:Ready_to_Drive	8	static
main.c:759:13:APPS_Mapping	32	static
main.c:775:6:startLEDTask	16	static
main.c:794:6:startUART_Task	312	static
main.c:828:6:startTorqueCommand	24	static
main.c:898:6:startBPSCheck	16	static
main.c:912:6:OTCallback	16	static
main.c:927:6:HAL_TIM_PeriodElapsedCallback	16	static
main.c:943:6:Error_Handler	4	static,ignoring_inline_asm
