main.c:96:5:main	72	static
main.c:179:6:SystemClock_Config	88	static
main.c:220:13:MX_ADC1_Init	24	static
main.c:267:13:MX_ADC2_Init	24	static
main.c:314:13:MX_ADC3_Init	24	static
main.c:361:13:MX_CAN1_Init	8	static
main.c:396:13:MX_I2C1_Init	8	static
main.c:428:13:MX_I2S3_Init	8	static
main.c:460:13:MX_SPI1_Init	8	static
main.c:496:13:MX_USART2_UART_Init	8	static
main.c:525:13:MX_DMA_Init	16	static
main.c:548:13:MX_GPIO_Init	56	static
main.c:652:6:startLEDTask	16	static
main.c:671:6:startUART_Task	304	static
main.c:705:6:HAL_TIM_PeriodElapsedCallback	16	static
main.c:721:6:Error_Handler	4	static,ignoring_inline_asm
