stm32f4xx_it.c:77:6:NMI_Handler	4	static
stm32f4xx_it.c:92:6:HardFault_Handler	4	static
stm32f4xx_it.c:107:6:MemManage_Handler	4	static
stm32f4xx_it.c:122:6:BusFault_Handler	4	static
stm32f4xx_it.c:137:6:UsageFault_Handler	4	static
stm32f4xx_it.c:152:6:DebugMon_Handler	4	static
stm32f4xx_it.c:172:6:CAN1_RX0_IRQHandler	8	static
stm32f4xx_it.c:186:6:TIM1_UP_TIM10_IRQHandler	8	static
stm32f4xx_it.c:201:6:DMA2_Stream0_IRQHandler	8	static
stm32f4xx_it.c:215:6:DMA2_Stream1_IRQHandler	8	static
stm32f4xx_it.c:229:6:DMA2_Stream2_IRQHandler	8	static
stm32f4xx_it.c:243:6:OTG_FS_IRQHandler	8	static
